MPLINK 4.38, Linker
Linker Map File - Created Thu Aug 24 19:02:14 2017

                                 Section Info
                  Section       Type    Address   Location Size(Bytes)
                ---------  ---------  ---------  ---------  ---------
               _entry_scn       code   0x000000    program   0x000006
    REMAPPED_RESET_VECTOR       code   0x001000    program   0x000006
REMAPPED_HIGH_INTERRUPT_VECTOR       code   0x001008    program   0x000006
REMAPPED_LOW_INTERRUPT_VECTOR       code   0x001018    program   0x000006
                   .cinit    romdata   0x00102a    program   0x00000e
         .code_vfprintf.o       code   0x001038    program   0x000c22
          .code_my_xlcd.o       code   0x001c5a    program   0x00036e
         .code_projeto4.o       code   0x001fc8    program   0x00025e
                   STDLIB       code   0x002226    program   0x000134
          .code_sprintf.o       code   0x00235a    program   0x0000ac
               _cinit_scn       code   0x002406    program   0x00009e
             .code_putc.o       code   0x0024a4    program   0x000084
          .code_fxm3232.o       code   0x002528    program   0x000070
                   STRING       code   0x002598    program   0x000066
                     PROG       code   0x0025fe    program   0x00005a
         .code_fxd3232u.o       code   0x002658    program   0x000048
          .code_t0write.o       code   0x0026a0    program   0x000038
           .code_t0open.o       code   0x0026d8    program   0x000038
             D10KTCYXCODE       code   0x002710    program   0x00002e
                    CTYPE       code   0x00273e    program   0x000024
                    .code       code   0x002762    program   0x000020
             _startup_scn       code   0x002782    program   0x00001c
                    STDIO       code   0x00279e    program   0x00001c
             .stringtable    romdata   0x0027ba    program   0x000011
      .romdata_vfprintf.o    romdata   0x0027cb    program   0x000011
       .code__user_putc.o       code   0x0027dc    program   0x000002
           .code___init.o       code   0x0027de    program   0x000002
      .idata_projeto4.o_i    romdata   0x0027e0    program   0x000012
      .idata_vfprintf.o_i    romdata   0x0027e0    program   0x000000
      .romdata_fxd3232u.o    romdata   0x0027e0    program   0x000000
       .romdata_my_xlcd.o    romdata   0x0027e0    program   0x000000
          .romdata_putc.o    romdata   0x0027e0    program   0x000000
       .romdata_fxm3232.o    romdata   0x0027e0    program   0x000000
          .idata_putc.o_i    romdata   0x0027e0    program   0x000000
       .romdata_sprintf.o    romdata   0x0027e0    program   0x000000
       .idata_sprintf.o_i    romdata   0x0027e0    program   0x000000
      .romdata_projeto4.o    romdata   0x0027e0    program   0x000000
        .romdata___init.o    romdata   0x0027e0    program   0x000000
    .romdata__user_putc.o    romdata   0x0027e0    program   0x000000
       .romdata_t0write.o    romdata   0x0027e0    program   0x000000
       .idata_t0write.o_i    romdata   0x0027e0    program   0x000000
        .romdata_t0open.o    romdata   0x0027e0    program   0x000000
        .idata_t0open.o_i    romdata   0x0027e0    program   0x000000
         .romdata_c018i.o    romdata   0x0027e0    program   0x000000
    .idata__user_putc.o_i    romdata   0x0027f2    program   0x000000
            .code_c018i.o       code   0x0027f2    program   0x000000
         .idata_c018i.o_i    romdata   0x0027f2    program   0x000000
       .idata_fxm3232.o_i    romdata   0x0027f2    program   0x000000
       .idata_my_xlcd.o_i    romdata   0x0027f2    program   0x000000
      .idata_fxd3232u.o_i    romdata   0x0027f2    program   0x000000
        .idata___init.o_i    romdata   0x0027f2    program   0x000000
.config_300001_projeto4.o    romdata   0x300001    program   0x000001
.config_300003_projeto4.o    romdata   0x300003    program   0x000001
.config_300005_projeto4.o    romdata   0x300005    program   0x000001
.config_300006_projeto4.o    romdata   0x300006    program   0x000001
                MATH_DATA      udata   0x000000       data   0x000014
                 .tmpdata      udata   0x000014       data   0x000007
                DELAYDAT2      udata   0x00001b       data   0x000001
                DELAYDAT1      udata   0x00001c       data   0x000001
        .idata_projeto4.o      idata   0x000060       data   0x000012
           .udata_c018i.o      udata   0x000072       data   0x00000a
         .idata_sprintf.o      idata   0x00007c       data   0x000000
        .udata_vfprintf.o      udata   0x00007c       data   0x000000
        .idata_vfprintf.o      idata   0x00007c       data   0x000000
        .udata_fxd3232u.o      udata   0x00007c       data   0x000000
        .idata_fxd3232u.o      idata   0x00007c       data   0x000000
         .udata_fxm3232.o      udata   0x00007c       data   0x000000
         .idata_fxm3232.o      idata   0x00007c       data   0x000000
            .udata_putc.o      udata   0x00007c       data   0x000000
            .idata_putc.o      idata   0x00007c       data   0x000000
      .udata__user_putc.o      udata   0x00007c       data   0x000000
      .idata__user_putc.o      idata   0x00007c       data   0x000000
         .udata_sprintf.o      udata   0x00007c       data   0x000000
          .idata___init.o      idata   0x00007c       data   0x000000
          .udata___init.o      udata   0x00007c       data   0x000000
         .idata_t0write.o      idata   0x00007c       data   0x000000
         .udata_t0write.o      udata   0x00007c       data   0x000000
          .idata_t0open.o      idata   0x00007c       data   0x000000
          .udata_t0open.o      udata   0x00007c       data   0x000000
        .udata_projeto4.o      udata   0x00007c       data   0x000000
         .idata_my_xlcd.o      idata   0x00007c       data   0x000000
         .udata_my_xlcd.o      udata   0x00007c       data   0x000000
           .idata_c018i.o      idata   0x00007c       data   0x000000
                   .stack      udata   0x000300       data   0x000100
            SFR_UNBANKED0      udata   0x000f62       data   0x00009e



                              Program Memory Usage 
                               Start         End      
                           ---------   ---------      
                            0x000000    0x000005      
                            0x001000    0x001005      
                            0x001008    0x00100d      
                            0x001018    0x00101d      
                            0x00102a    0x0027f1      
                            0x300001    0x300001      
                            0x300003    0x300003      
                            0x300005    0x300006      
            6116 out of 33048 program addresses used, program memory utilization is 18%



                              Symbols - Sorted by Name
                     Name    Address   Location    Storage File                     
                ---------  ---------  ---------  --------- ---------                
                   D10K_1   0x00271c    program     static C:\Program Files\Microchip\mplabc18\v3.37\src\traditional\delays\d10ktcyx.asm
                    D10Kl   0x002728    program     static C:\Program Files\Microchip\mplabc18\v3.37\src\traditional\delays\d10ktcyx.asm
                    D10Kx   0x00271a    program     static C:\Program Files\Microchip\mplabc18\v3.37\src\traditional\delays\d10ktcyx.asm
             Delay10KTCYx   0x002710    program     extern C:\Program Files\Microchip\mplabc18\v3.37\src\traditional\delays\d10ktcyx.asm
                 FXD3232U   0x002658    program     extern C:\Program Files\Microchip\mplabc18\v3.37\src\traditional\math\fxd3232u.c
                 FXM1616S   0x0025fe    program     extern C:\Program Files\Microchip\mplabc18\v3.37\src\traditional\math\fxm1616s.asm
                  FXM3232   0x002528    program     extern C:\Program Files\Microchip\mplabc18\v3.37\src\traditional\math\fxm3232.c
                  OneByte   0x002348    program     static C:\Program Files\Microchip\mplabc18\v3.37\src\traditional\stdclib\itobcd.asm
               OpenTimer0   0x0026d8    program     extern C:\Program Files\Microchip\mplabc18\v3.37\src\pmc_common\Timers\t0open.c
                 OpenXLCD   0x001c5a    program     extern C:\Users\LucasFranklin\Desktop\projeto4\my_xlcd.c
                ProcLower   0x0022fc    program     static C:\Program Files\Microchip\mplabc18\v3.37\src\traditional\stdclib\itoa.asm
                ProcUpper   0x0022f2    program     static C:\Program Files\Microchip\mplabc18\v3.37\src\traditional\stdclib\itoa.asm
             SetDDRamAddr   0x001e4e    program     extern C:\Users\LucasFranklin\Desktop\projeto4\my_xlcd.c
               TSIGN1616A   0x00264a    program     static C:\Program Files\Microchip\mplabc18\v3.37\src\traditional\math\fxm1616s.asm
Tratamento_High_Interrupt   0x001fc8    program     extern C:\Users\LucasFranklin\Desktop\projeto4\projeto4.c
 Tratamento_Low_Interrupt   0x0020e8    program     extern C:\Users\LucasFranklin\Desktop\projeto4\projeto4.c
                 TstLower   0x0022e6    program     static C:\Program Files\Microchip\mplabc18\v3.37\src\traditional\stdclib\itoa.asm
                 TstUpper   0x0022e0    program     static C:\Program Files\Microchip\mplabc18\v3.37\src\traditional\stdclib\itoa.asm
             WriteCmdXLCD   0x001d1e    program     extern C:\Users\LucasFranklin\Desktop\projeto4\my_xlcd.c
            WriteDataXLCD   0x001db6    program     extern C:\Users\LucasFranklin\Desktop\projeto4\my_xlcd.c
              WriteTimer0   0x0026a0    program     extern C:\Program Files\Microchip\mplabc18\v3.37\src\pmc_common\Timers\t0write.c
                   _2jEnd   0x0025e8    program     static C:\Program Files\Microchip\mplabc18\v3.37\src\traditional\stdclib\slenpgm.asm
       _D10KTCYXCODE_0010   0x002720    program     static C:\Program Files\Microchip\mplabc18\v3.37\src\traditional\delays\d10ktcyx.asm
       _D10KTCYXCODE_001C   0x00272c    program     static C:\Program Files\Microchip\mplabc18\v3.37\src\traditional\delays\d10ktcyx.asm
       ___return_lbl00000   0x002596    program     static                          
       ___return_lbl00000   0x000004    program     static                          
       ___return_lbl00000   0x00269e    program     static                          
       ___return_lbl00001   0x00279c    program     static                          
       ___return_lbl00002   0x0024a2    program     static                          
       ___return_lbl00008   0x001004    program     static                          
       ___return_lbl00009   0x00100c    program     static                          
       ___return_lbl00010   0x00101c    program     static                          
               __config_0   0x300001    program     static C:\Users\LucasFranklin\Desktop\projeto4\projeto4.c
               __config_1   0x300003    program     static C:\Users\LucasFranklin\Desktop\projeto4\projeto4.c
               __config_2   0x300005    program     static C:\Users\LucasFranklin\Desktop\projeto4\projeto4.c
               __config_3   0x300006    program     static C:\Users\LucasFranklin\Desktop\projeto4\projeto4.c
                   __init   0x0027de    program     extern C:\Program Files\Microchip\mplabc18\v3.37\src\traditional\stdclib\__init.c
                   __pa_0   0x001978    program     static C:\Program Files\Microchip\mplabc18\v3.37\src\traditional\stdclib\vfprintf.c
                   __pa_1   0x001980    program     static C:\Program Files\Microchip\mplabc18\v3.37\src\traditional\stdclib\vfprintf.c
                  __pa_10   0x001a34    program     static C:\Program Files\Microchip\mplabc18\v3.37\src\traditional\stdclib\vfprintf.c
                  __pa_11   0x001a42    program     static C:\Program Files\Microchip\mplabc18\v3.37\src\traditional\stdclib\vfprintf.c
                  __pa_12   0x001a58    program     static C:\Program Files\Microchip\mplabc18\v3.37\src\traditional\stdclib\vfprintf.c
                  __pa_13   0x001a72    program     static C:\Program Files\Microchip\mplabc18\v3.37\src\traditional\stdclib\vfprintf.c
                  __pa_14   0x001a8a    program     static C:\Program Files\Microchip\mplabc18\v3.37\src\traditional\stdclib\vfprintf.c
                  __pa_15   0x001a9a    program     static C:\Program Files\Microchip\mplabc18\v3.37\src\traditional\stdclib\vfprintf.c
                  __pa_16   0x001ab0    program     static C:\Program Files\Microchip\mplabc18\v3.37\src\traditional\stdclib\vfprintf.c
                  __pa_17   0x001ac2    program     static C:\Program Files\Microchip\mplabc18\v3.37\src\traditional\stdclib\vfprintf.c
                  __pa_18   0x001ad4    program     static C:\Program Files\Microchip\mplabc18\v3.37\src\traditional\stdclib\vfprintf.c
                  __pa_19   0x001ade    program     static C:\Program Files\Microchip\mplabc18\v3.37\src\traditional\stdclib\vfprintf.c
                   __pa_2   0x00198a    program     static C:\Program Files\Microchip\mplabc18\v3.37\src\traditional\stdclib\vfprintf.c
                  __pa_20   0x001aee    program     static C:\Program Files\Microchip\mplabc18\v3.37\src\traditional\stdclib\vfprintf.c
                  __pa_21   0x001afe    program     static C:\Program Files\Microchip\mplabc18\v3.37\src\traditional\stdclib\vfprintf.c
                  __pa_22   0x001b0e    program     static C:\Program Files\Microchip\mplabc18\v3.37\src\traditional\stdclib\vfprintf.c
                  __pa_23   0x001b1a    program     static C:\Program Files\Microchip\mplabc18\v3.37\src\traditional\stdclib\vfprintf.c
                  __pa_24   0x001b28    program     static C:\Program Files\Microchip\mplabc18\v3.37\src\traditional\stdclib\vfprintf.c
                  __pa_25   0x001b30    program     static C:\Program Files\Microchip\mplabc18\v3.37\src\traditional\stdclib\vfprintf.c
                  __pa_26   0x001b3a    program     static C:\Program Files\Microchip\mplabc18\v3.37\src\traditional\stdclib\vfprintf.c
                  __pa_27   0x001b44    program     static C:\Program Files\Microchip\mplabc18\v3.37\src\traditional\stdclib\vfprintf.c
                  __pa_28   0x001b4c    program     static C:\Program Files\Microchip\mplabc18\v3.37\src\traditional\stdclib\vfprintf.c
                  __pa_29   0x001b5a    program     static C:\Program Files\Microchip\mplabc18\v3.37\src\traditional\stdclib\vfprintf.c
                   __pa_3   0x001994    program     static C:\Program Files\Microchip\mplabc18\v3.37\src\traditional\stdclib\vfprintf.c
                  __pa_30   0x001b76    program     static C:\Program Files\Microchip\mplabc18\v3.37\src\traditional\stdclib\vfprintf.c
                  __pa_31   0x001b90    program     static C:\Program Files\Microchip\mplabc18\v3.37\src\traditional\stdclib\vfprintf.c
                  __pa_32   0x001baa    program     static C:\Program Files\Microchip\mplabc18\v3.37\src\traditional\stdclib\vfprintf.c
                  __pa_33   0x001bc2    program     static C:\Program Files\Microchip\mplabc18\v3.37\src\traditional\stdclib\vfprintf.c
                  __pa_34   0x001bcc    program     static C:\Program Files\Microchip\mplabc18\v3.37\src\traditional\stdclib\vfprintf.c
                  __pa_35   0x001bda    program     static C:\Program Files\Microchip\mplabc18\v3.37\src\traditional\stdclib\vfprintf.c
                  __pa_36   0x001be2    program     static C:\Program Files\Microchip\mplabc18\v3.37\src\traditional\stdclib\vfprintf.c
                  __pa_37   0x001bec    program     static C:\Program Files\Microchip\mplabc18\v3.37\src\traditional\stdclib\vfprintf.c
                  __pa_38   0x001bfc    program     static C:\Program Files\Microchip\mplabc18\v3.37\src\traditional\stdclib\vfprintf.c
                  __pa_39   0x001c0a    program     static C:\Program Files\Microchip\mplabc18\v3.37\src\traditional\stdclib\vfprintf.c
                   __pa_4   0x0019ac    program     static C:\Program Files\Microchip\mplabc18\v3.37\src\traditional\stdclib\vfprintf.c
                  __pa_40   0x001c16    program     static C:\Program Files\Microchip\mplabc18\v3.37\src\traditional\stdclib\vfprintf.c
                  __pa_41   0x001c22    program     static C:\Program Files\Microchip\mplabc18\v3.37\src\traditional\stdclib\vfprintf.c
                  __pa_42   0x001c2a    program     static C:\Program Files\Microchip\mplabc18\v3.37\src\traditional\stdclib\vfprintf.c
                  __pa_43   0x001c34    program     static C:\Program Files\Microchip\mplabc18\v3.37\src\traditional\stdclib\vfprintf.c
                  __pa_44   0x001c3a    program     static C:\Program Files\Microchip\mplabc18\v3.37\src\traditional\stdclib\vfprintf.c
                  __pa_45   0x001c44    program     static C:\Program Files\Microchip\mplabc18\v3.37\src\traditional\stdclib\vfprintf.c
                  __pa_46   0x001c50    program     static C:\Program Files\Microchip\mplabc18\v3.37\src\traditional\stdclib\vfprintf.c
                   __pa_5   0x0019c0    program     static C:\Program Files\Microchip\mplabc18\v3.37\src\traditional\stdclib\vfprintf.c
                   __pa_6   0x0019dc    program     static C:\Program Files\Microchip\mplabc18\v3.37\src\traditional\stdclib\vfprintf.c
                   __pa_7   0x0019e6    program     static C:\Program Files\Microchip\mplabc18\v3.37\src\traditional\stdclib\vfprintf.c
                   __pa_8   0x0019f2    program     static C:\Program Files\Microchip\mplabc18\v3.37\src\traditional\stdclib\vfprintf.c
                   __pa_9   0x001a14    program     static C:\Program Files\Microchip\mplabc18\v3.37\src\traditional\stdclib\vfprintf.c
               __string_0   0x0027ba    program     static C:\Users\LucasFranklin\Desktop\projeto4\projeto4.c
              __tmplbl_42   0x001b0e    program     static                          
              __tmplbl_43   0x001956    program     static                          
              __tmplbl_44   0x00193c    program     static                          
              __tmplbl_85   0x00108e    program     static                          
            __zero_memory   0x002762    program     extern C:\Program Files\Microchip\mplabc18\v3.37\src\traditional\proc\p18F4550.asm
                _do_cinit   0x002406    program     extern C:\Program Files\Microchip\mplabc18\v3.37\src\traditional\startup\c018i.c
                   _entry   0x000000    program     extern C:\Program Files\Microchip\mplabc18\v3.37\src\traditional\startup\c018i.c
                   _false   0x00269a    program     static                          
                _high_ISR   0x001008    program     extern C:\Users\LucasFranklin\Desktop\projeto4\projeto4.c
                 _low_ISR   0x001018    program     extern C:\Users\LucasFranklin\Desktop\projeto4\projeto4.c
                   _reset   0x001000    program     extern C:\Users\LucasFranklin\Desktop\projeto4\projeto4.c
                 _startup   0x002782    program     extern C:\Program Files\Microchip\mplabc18\v3.37\src\traditional\startup\c018i.c
              _usart_putc   0x00279e    program     extern C:\Program Files\Microchip\mplabc18\v3.37\src\pmc_common\USART\_usartpc.asm
               _user_putc   0x0027dc    program     extern C:\Program Files\Microchip\mplabc18\v3.37\src\traditional\stdclib\_user_putc.c
                compare_l   0x002778    program     static C:\Program Files\Microchip\mplabc18\v3.37\src\traditional\proc\p18F4550.asm
                copy_loop   0x002478    program     static                          
            copy_one_byte   0x00247e    program     static                          
                     done   0x0024a2    program     static                          
             done_copying   0x00248c    program     static                          
                  isdigit   0x00273e    program     extern C:\Program Files\Microchip\mplabc18\v3.37\src\traditional\stdclib\isdigit.asm
                   itoBCD   0x002306    program     extern C:\Program Files\Microchip\mplabc18\v3.37\src\traditional\stdclib\itobcd.asm
                     itoa   0x002226    program     extern C:\Program Files\Microchip\mplabc18\v3.37\src\traditional\stdclib\itoa.asm
                     jDo1   0x0022ac    program     static C:\Program Files\Microchip\mplabc18\v3.37\src\traditional\stdclib\itoa.asm
                     jDo2   0x0022a8    program     static C:\Program Files\Microchip\mplabc18\v3.37\src\traditional\stdclib\itoa.asm
                     jDo3   0x0022a4    program     static C:\Program Files\Microchip\mplabc18\v3.37\src\traditional\stdclib\itoa.asm
                     jDo4   0x0022a0    program     static C:\Program Files\Microchip\mplabc18\v3.37\src\traditional\stdclib\itoa.asm
                     jDo5   0x00229c    program     static C:\Program Files\Microchip\mplabc18\v3.37\src\traditional\stdclib\itoa.asm
                     jEnd   0x002344    program     static C:\Program Files\Microchip\mplabc18\v3.37\src\traditional\stdclib\itobcd.asm
                     jEnd   0x0025b2    program     static C:\Program Files\Microchip\mplabc18\v3.37\src\traditional\stdclib\strlen.asm
                     jEnd   0x0025ea    program     static C:\Program Files\Microchip\mplabc18\v3.37\src\traditional\stdclib\slenpgm.asm
                    jLoop   0x0025a8    program     static C:\Program Files\Microchip\mplabc18\v3.37\src\traditional\stdclib\strlen.asm
                    jLoop   0x00231e    program     static C:\Program Files\Microchip\mplabc18\v3.37\src\traditional\stdclib\itobcd.asm
                    jLoop   0x0025d2    program     static C:\Program Files\Microchip\mplabc18\v3.37\src\traditional\stdclib\slenpgm.asm
                   jMatch   0x00275e    program     static C:\Program Files\Microchip\mplabc18\v3.37\src\traditional\stdclib\isdigit.asm
                 jNoMatch   0x002760    program     static C:\Program Files\Microchip\mplabc18\v3.37\src\traditional\stdclib\isdigit.asm
                jTstLowZ1   0x0022f0    program     static C:\Program Files\Microchip\mplabc18\v3.37\src\traditional\stdclib\itoa.asm
                jTstSign1   0x002252    program     static C:\Program Files\Microchip\mplabc18\v3.37\src\traditional\stdclib\itoa.asm
                     loop   0x0027ae    program     static C:\Program Files\Microchip\mplabc18\v3.37\src\pmc_common\USART\_usartpc.asm
                     loop   0x002666    program     static                          
                     loop   0x002792    program     static                          
                   loop_h   0x002770    program     static C:\Program Files\Microchip\mplabc18\v3.37\src\traditional\proc\p18F4550.asm
                   loop_l   0x00277a    program     static C:\Program Files\Microchip\mplabc18\v3.37\src\traditional\proc\p18F4550.asm
                     main   0x00210e    program     extern C:\Users\LucasFranklin\Desktop\projeto4\projeto4.c
               putIntXLCD   0x001f62    program     extern C:\Users\LucasFranklin\Desktop\projeto4\my_xlcd.c
                     putc   0x0024a4    program     extern C:\Program Files\Microchip\mplabc18\v3.37\src\traditional\stdclib\putc.c
                putrsXLCD   0x001f1e    program     extern C:\Users\LucasFranklin\Desktop\projeto4\my_xlcd.c
                 putsXLCD   0x001ede    program     extern C:\Users\LucasFranklin\Desktop\projeto4\my_xlcd.c
                 s_digits   0x0027cb    program     static C:\Program Files\Microchip\mplabc18\v3.37\src\traditional\stdclib\vfprintf.c
            s_put_n_chars   0x001038    program     static C:\Program Files\Microchip\mplabc18\v3.37\src\traditional\stdclib\vfprintf.c
                  sprintf   0x00235a    program     extern C:\Program Files\Microchip\mplabc18\v3.37\src\traditional\stdclib\sprintf.c
                   strlen   0x002598    program     extern C:\Program Files\Microchip\mplabc18\v3.37\src\traditional\stdclib\strlen.asm
                strlenpgm   0x0025b4    program     extern C:\Program Files\Microchip\mplabc18\v3.37\src\traditional\stdclib\slenpgm.asm
                     test   0x002420    program     static                          
                 vfprintf   0x001064    program     extern C:\Program Files\Microchip\mplabc18\v3.37\src\traditional\stdclib\vfprintf.c
               zero_block   0x002770    program     static C:\Program Files\Microchip\mplabc18\v3.37\src\traditional\proc\p18F4550.asm
                   ADCON0   0x000fc2       data     extern C:\Program Files\Microchip\mplabc18\v3.37\src\traditional\proc\p18F4550.asm
               ADCON0bits   0x000fc2       data     extern C:\Program Files\Microchip\mplabc18\v3.37\src\traditional\proc\p18F4550.asm
                   ADCON1   0x000fc1       data     extern C:\Program Files\Microchip\mplabc18\v3.37\src\traditional\proc\p18F4550.asm
               ADCON1bits   0x000fc1       data     extern C:\Program Files\Microchip\mplabc18\v3.37\src\traditional\proc\p18F4550.asm
                   ADCON2   0x000fc0       data     extern C:\Program Files\Microchip\mplabc18\v3.37\src\traditional\proc\p18F4550.asm
               ADCON2bits   0x000fc0       data     extern C:\Program Files\Microchip\mplabc18\v3.37\src\traditional\proc\p18F4550.asm
                    ADRES   0x000fc3       data     extern C:\Program Files\Microchip\mplabc18\v3.37\src\traditional\proc\p18F4550.asm
                   ADRESH   0x000fc4       data     extern C:\Program Files\Microchip\mplabc18\v3.37\src\traditional\proc\p18F4550.asm
                   ADRESL   0x000fc3       data     extern C:\Program Files\Microchip\mplabc18\v3.37\src\traditional\proc\p18F4550.asm
                  BAUDCON   0x000fb8       data     extern C:\Program Files\Microchip\mplabc18\v3.37\src\traditional\proc\p18F4550.asm
              BAUDCONbits   0x000fb8       data     extern C:\Program Files\Microchip\mplabc18\v3.37\src\traditional\proc\p18F4550.asm
                  BAUDCTL   0x000fb8       data     extern C:\Program Files\Microchip\mplabc18\v3.37\src\traditional\proc\p18F4550.asm
              BAUDCTLbits   0x000fb8       data     extern C:\Program Files\Microchip\mplabc18\v3.37\src\traditional\proc\p18F4550.asm
                      BSR   0x000fe0       data     extern C:\Program Files\Microchip\mplabc18\v3.37\src\traditional\proc\p18F4550.asm
                   CCP1AS   0x000fb6       data     extern C:\Program Files\Microchip\mplabc18\v3.37\src\traditional\proc\p18F4550.asm
               CCP1ASbits   0x000fb6       data     extern C:\Program Files\Microchip\mplabc18\v3.37\src\traditional\proc\p18F4550.asm
                  CCP1CON   0x000fbd       data     extern C:\Program Files\Microchip\mplabc18\v3.37\src\traditional\proc\p18F4550.asm
              CCP1CONbits   0x000fbd       data     extern C:\Program Files\Microchip\mplabc18\v3.37\src\traditional\proc\p18F4550.asm
                  CCP1DEL   0x000fb7       data     extern C:\Program Files\Microchip\mplabc18\v3.37\src\traditional\proc\p18F4550.asm
              CCP1DELbits   0x000fb7       data     extern C:\Program Files\Microchip\mplabc18\v3.37\src\traditional\proc\p18F4550.asm
                  CCP2CON   0x000fba       data     extern C:\Program Files\Microchip\mplabc18\v3.37\src\traditional\proc\p18F4550.asm
              CCP2CONbits   0x000fba       data     extern C:\Program Files\Microchip\mplabc18\v3.37\src\traditional\proc\p18F4550.asm
                    CCPR1   0x000fbe       data     extern C:\Program Files\Microchip\mplabc18\v3.37\src\traditional\proc\p18F4550.asm
                   CCPR1H   0x000fbf       data     extern C:\Program Files\Microchip\mplabc18\v3.37\src\traditional\proc\p18F4550.asm
                   CCPR1L   0x000fbe       data     extern C:\Program Files\Microchip\mplabc18\v3.37\src\traditional\proc\p18F4550.asm
                    CCPR2   0x000fbb       data     extern C:\Program Files\Microchip\mplabc18\v3.37\src\traditional\proc\p18F4550.asm
                   CCPR2H   0x000fbc       data     extern C:\Program Files\Microchip\mplabc18\v3.37\src\traditional\proc\p18F4550.asm
                   CCPR2L   0x000fbb       data     extern C:\Program Files\Microchip\mplabc18\v3.37\src\traditional\proc\p18F4550.asm
                    CMCON   0x000fb4       data     extern C:\Program Files\Microchip\mplabc18\v3.37\src\traditional\proc\p18F4550.asm
                CMCONbits   0x000fb4       data     extern C:\Program Files\Microchip\mplabc18\v3.37\src\traditional\proc\p18F4550.asm
                   CVRCON   0x000fb5       data     extern C:\Program Files\Microchip\mplabc18\v3.37\src\traditional\proc\p18F4550.asm
               CVRCONbits   0x000fb5       data     extern C:\Program Files\Microchip\mplabc18\v3.37\src\traditional\proc\p18F4550.asm
                     DDRA   0x000f92       data     extern C:\Program Files\Microchip\mplabc18\v3.37\src\traditional\proc\p18F4550.asm
                 DDRAbits   0x000f92       data     extern C:\Program Files\Microchip\mplabc18\v3.37\src\traditional\proc\p18F4550.asm
                     DDRB   0x000f93       data     extern C:\Program Files\Microchip\mplabc18\v3.37\src\traditional\proc\p18F4550.asm
                 DDRBbits   0x000f93       data     extern C:\Program Files\Microchip\mplabc18\v3.37\src\traditional\proc\p18F4550.asm
                     DDRC   0x000f94       data     extern C:\Program Files\Microchip\mplabc18\v3.37\src\traditional\proc\p18F4550.asm
                 DDRCbits   0x000f94       data     extern C:\Program Files\Microchip\mplabc18\v3.37\src\traditional\proc\p18F4550.asm
                     DDRD   0x000f95       data     extern C:\Program Files\Microchip\mplabc18\v3.37\src\traditional\proc\p18F4550.asm
                 DDRDbits   0x000f95       data     extern C:\Program Files\Microchip\mplabc18\v3.37\src\traditional\proc\p18F4550.asm
                     DDRE   0x000f96       data     extern C:\Program Files\Microchip\mplabc18\v3.37\src\traditional\proc\p18F4550.asm
                 DDREbits   0x000f96       data     extern C:\Program Files\Microchip\mplabc18\v3.37\src\traditional\proc\p18F4550.asm
            DelayCounter1   0x00001c       data     extern C:\Program Files\Microchip\mplabc18\v3.37\src\traditional\delays\delayd1.asm
            DelayCounter2   0x00001b       data     extern C:\Program Files\Microchip\mplabc18\v3.37\src\traditional\delays\delayd2.asm
                  ECCP1AS   0x000fb6       data     extern C:\Program Files\Microchip\mplabc18\v3.37\src\traditional\proc\p18F4550.asm
              ECCP1ASbits   0x000fb6       data     extern C:\Program Files\Microchip\mplabc18\v3.37\src\traditional\proc\p18F4550.asm
                 ECCP1CON   0x000fbd       data     extern C:\Program Files\Microchip\mplabc18\v3.37\src\traditional\proc\p18F4550.asm
             ECCP1CONbits   0x000fbd       data     extern C:\Program Files\Microchip\mplabc18\v3.37\src\traditional\proc\p18F4550.asm
                 ECCP1DEL   0x000fb7       data     extern C:\Program Files\Microchip\mplabc18\v3.37\src\traditional\proc\p18F4550.asm
             ECCP1DELbits   0x000fb7       data     extern C:\Program Files\Microchip\mplabc18\v3.37\src\traditional\proc\p18F4550.asm
                    EEADR   0x000fa9       data     extern C:\Program Files\Microchip\mplabc18\v3.37\src\traditional\proc\p18F4550.asm
                   EECON1   0x000fa6       data     extern C:\Program Files\Microchip\mplabc18\v3.37\src\traditional\proc\p18F4550.asm
               EECON1bits   0x000fa6       data     extern C:\Program Files\Microchip\mplabc18\v3.37\src\traditional\proc\p18F4550.asm
                   EECON2   0x000fa7       data     extern C:\Program Files\Microchip\mplabc18\v3.37\src\traditional\proc\p18F4550.asm
                   EEDATA   0x000fa8       data     extern C:\Program Files\Microchip\mplabc18\v3.37\src\traditional\proc\p18F4550.asm
                     FSR0   0x000fe9       data     extern C:\Program Files\Microchip\mplabc18\v3.37\src\traditional\proc\p18F4550.asm
                    FSR0H   0x000fea       data     extern C:\Program Files\Microchip\mplabc18\v3.37\src\traditional\proc\p18F4550.asm
                    FSR0L   0x000fe9       data     extern C:\Program Files\Microchip\mplabc18\v3.37\src\traditional\proc\p18F4550.asm
                     FSR1   0x000fe1       data     extern C:\Program Files\Microchip\mplabc18\v3.37\src\traditional\proc\p18F4550.asm
                    FSR1H   0x000fe2       data     extern C:\Program Files\Microchip\mplabc18\v3.37\src\traditional\proc\p18F4550.asm
                    FSR1L   0x000fe1       data     extern C:\Program Files\Microchip\mplabc18\v3.37\src\traditional\proc\p18F4550.asm
                     FSR2   0x000fd9       data     extern C:\Program Files\Microchip\mplabc18\v3.37\src\traditional\proc\p18F4550.asm
                    FSR2H   0x000fda       data     extern C:\Program Files\Microchip\mplabc18\v3.37\src\traditional\proc\p18F4550.asm
                    FSR2L   0x000fd9       data     extern C:\Program Files\Microchip\mplabc18\v3.37\src\traditional\proc\p18F4550.asm
                  HLVDCON   0x000fd2       data     extern C:\Program Files\Microchip\mplabc18\v3.37\src\traditional\proc\p18F4550.asm
              HLVDCONbits   0x000fd2       data     extern C:\Program Files\Microchip\mplabc18\v3.37\src\traditional\proc\p18F4550.asm
                    INDF0   0x000fef       data     extern C:\Program Files\Microchip\mplabc18\v3.37\src\traditional\proc\p18F4550.asm
                    INDF1   0x000fe7       data     extern C:\Program Files\Microchip\mplabc18\v3.37\src\traditional\proc\p18F4550.asm
                    INDF2   0x000fdf       data     extern C:\Program Files\Microchip\mplabc18\v3.37\src\traditional\proc\p18F4550.asm
                   INTCON   0x000ff2       data     extern C:\Program Files\Microchip\mplabc18\v3.37\src\traditional\proc\p18F4550.asm
                  INTCON2   0x000ff1       data     extern C:\Program Files\Microchip\mplabc18\v3.37\src\traditional\proc\p18F4550.asm
              INTCON2bits   0x000ff1       data     extern C:\Program Files\Microchip\mplabc18\v3.37\src\traditional\proc\p18F4550.asm
                  INTCON3   0x000ff0       data     extern C:\Program Files\Microchip\mplabc18\v3.37\src\traditional\proc\p18F4550.asm
              INTCON3bits   0x000ff0       data     extern C:\Program Files\Microchip\mplabc18\v3.37\src\traditional\proc\p18F4550.asm
               INTCONbits   0x000ff2       data     extern C:\Program Files\Microchip\mplabc18\v3.37\src\traditional\proc\p18F4550.asm
                     IPR1   0x000f9f       data     extern C:\Program Files\Microchip\mplabc18\v3.37\src\traditional\proc\p18F4550.asm
                 IPR1bits   0x000f9f       data     extern C:\Program Files\Microchip\mplabc18\v3.37\src\traditional\proc\p18F4550.asm
                     IPR2   0x000fa2       data     extern C:\Program Files\Microchip\mplabc18\v3.37\src\traditional\proc\p18F4550.asm
                 IPR2bits   0x000fa2       data     extern C:\Program Files\Microchip\mplabc18\v3.37\src\traditional\proc\p18F4550.asm
                     LATA   0x000f89       data     extern C:\Program Files\Microchip\mplabc18\v3.37\src\traditional\proc\p18F4550.asm
                 LATAbits   0x000f89       data     extern C:\Program Files\Microchip\mplabc18\v3.37\src\traditional\proc\p18F4550.asm
                     LATB   0x000f8a       data     extern C:\Program Files\Microchip\mplabc18\v3.37\src\traditional\proc\p18F4550.asm
                 LATBbits   0x000f8a       data     extern C:\Program Files\Microchip\mplabc18\v3.37\src\traditional\proc\p18F4550.asm
                     LATC   0x000f8b       data     extern C:\Program Files\Microchip\mplabc18\v3.37\src\traditional\proc\p18F4550.asm
                 LATCbits   0x000f8b       data     extern C:\Program Files\Microchip\mplabc18\v3.37\src\traditional\proc\p18F4550.asm
                     LATD   0x000f8c       data     extern C:\Program Files\Microchip\mplabc18\v3.37\src\traditional\proc\p18F4550.asm
                 LATDbits   0x000f8c       data     extern C:\Program Files\Microchip\mplabc18\v3.37\src\traditional\proc\p18F4550.asm
                     LATE   0x000f8d       data     extern C:\Program Files\Microchip\mplabc18\v3.37\src\traditional\proc\p18F4550.asm
                 LATEbits   0x000f8d       data     extern C:\Program Files\Microchip\mplabc18\v3.37\src\traditional\proc\p18F4550.asm
                   LVDCON   0x000fd2       data     extern C:\Program Files\Microchip\mplabc18\v3.37\src\traditional\proc\p18F4550.asm
               LVDCONbits   0x000fd2       data     extern C:\Program Files\Microchip\mplabc18\v3.37\src\traditional\proc\p18F4550.asm
                   OSCCON   0x000fd3       data     extern C:\Program Files\Microchip\mplabc18\v3.37\src\traditional\proc\p18F4550.asm
               OSCCONbits   0x000fd3       data     extern C:\Program Files\Microchip\mplabc18\v3.37\src\traditional\proc\p18F4550.asm
                  OSCTUNE   0x000f9b       data     extern C:\Program Files\Microchip\mplabc18\v3.37\src\traditional\proc\p18F4550.asm
              OSCTUNEbits   0x000f9b       data     extern C:\Program Files\Microchip\mplabc18\v3.37\src\traditional\proc\p18F4550.asm
                       PC   0x000ff9       data     extern C:\Program Files\Microchip\mplabc18\v3.37\src\traditional\proc\p18F4550.asm
                      PCL   0x000ff9       data     extern C:\Program Files\Microchip\mplabc18\v3.37\src\traditional\proc\p18F4550.asm
                   PCLATH   0x000ffa       data     extern C:\Program Files\Microchip\mplabc18\v3.37\src\traditional\proc\p18F4550.asm
                   PCLATU   0x000ffb       data     extern C:\Program Files\Microchip\mplabc18\v3.37\src\traditional\proc\p18F4550.asm
                     PIE1   0x000f9d       data     extern C:\Program Files\Microchip\mplabc18\v3.37\src\traditional\proc\p18F4550.asm
                 PIE1bits   0x000f9d       data     extern C:\Program Files\Microchip\mplabc18\v3.37\src\traditional\proc\p18F4550.asm
                     PIE2   0x000fa0       data     extern C:\Program Files\Microchip\mplabc18\v3.37\src\traditional\proc\p18F4550.asm
                 PIE2bits   0x000fa0       data     extern C:\Program Files\Microchip\mplabc18\v3.37\src\traditional\proc\p18F4550.asm
                     PIR1   0x000f9e       data     extern C:\Program Files\Microchip\mplabc18\v3.37\src\traditional\proc\p18F4550.asm
                 PIR1bits   0x000f9e       data     extern C:\Program Files\Microchip\mplabc18\v3.37\src\traditional\proc\p18F4550.asm
                     PIR2   0x000fa1       data     extern C:\Program Files\Microchip\mplabc18\v3.37\src\traditional\proc\p18F4550.asm
                 PIR2bits   0x000fa1       data     extern C:\Program Files\Microchip\mplabc18\v3.37\src\traditional\proc\p18F4550.asm
                   PLUSW0   0x000feb       data     extern C:\Program Files\Microchip\mplabc18\v3.37\src\traditional\proc\p18F4550.asm
                   PLUSW1   0x000fe3       data     extern C:\Program Files\Microchip\mplabc18\v3.37\src\traditional\proc\p18F4550.asm
                   PLUSW2   0x000fdb       data     extern C:\Program Files\Microchip\mplabc18\v3.37\src\traditional\proc\p18F4550.asm
                    PORTA   0x000f80       data     extern C:\Program Files\Microchip\mplabc18\v3.37\src\traditional\proc\p18F4550.asm
                PORTAbits   0x000f80       data     extern C:\Program Files\Microchip\mplabc18\v3.37\src\traditional\proc\p18F4550.asm
                    PORTB   0x000f81       data     extern C:\Program Files\Microchip\mplabc18\v3.37\src\traditional\proc\p18F4550.asm
                PORTBbits   0x000f81       data     extern C:\Program Files\Microchip\mplabc18\v3.37\src\traditional\proc\p18F4550.asm
                    PORTC   0x000f82       data     extern C:\Program Files\Microchip\mplabc18\v3.37\src\traditional\proc\p18F4550.asm
                PORTCbits   0x000f82       data     extern C:\Program Files\Microchip\mplabc18\v3.37\src\traditional\proc\p18F4550.asm
                    PORTD   0x000f83       data     extern C:\Program Files\Microchip\mplabc18\v3.37\src\traditional\proc\p18F4550.asm
                PORTDbits   0x000f83       data     extern C:\Program Files\Microchip\mplabc18\v3.37\src\traditional\proc\p18F4550.asm
                    PORTE   0x000f84       data     extern C:\Program Files\Microchip\mplabc18\v3.37\src\traditional\proc\p18F4550.asm
                PORTEbits   0x000f84       data     extern C:\Program Files\Microchip\mplabc18\v3.37\src\traditional\proc\p18F4550.asm
                 POSTDEC0   0x000fed       data     extern C:\Program Files\Microchip\mplabc18\v3.37\src\traditional\proc\p18F4550.asm
                 POSTDEC1   0x000fe5       data     extern C:\Program Files\Microchip\mplabc18\v3.37\src\traditional\proc\p18F4550.asm
                 POSTDEC2   0x000fdd       data     extern C:\Program Files\Microchip\mplabc18\v3.37\src\traditional\proc\p18F4550.asm
                 POSTINC0   0x000fee       data     extern C:\Program Files\Microchip\mplabc18\v3.37\src\traditional\proc\p18F4550.asm
                 POSTINC1   0x000fe6       data     extern C:\Program Files\Microchip\mplabc18\v3.37\src\traditional\proc\p18F4550.asm
                 POSTINC2   0x000fde       data     extern C:\Program Files\Microchip\mplabc18\v3.37\src\traditional\proc\p18F4550.asm
                      PR2   0x000fcb       data     extern C:\Program Files\Microchip\mplabc18\v3.37\src\traditional\proc\p18F4550.asm
                  PREINC0   0x000fec       data     extern C:\Program Files\Microchip\mplabc18\v3.37\src\traditional\proc\p18F4550.asm
                  PREINC1   0x000fe4       data     extern C:\Program Files\Microchip\mplabc18\v3.37\src\traditional\proc\p18F4550.asm
                  PREINC2   0x000fdc       data     extern C:\Program Files\Microchip\mplabc18\v3.37\src\traditional\proc\p18F4550.asm
                     PROD   0x000ff3       data     extern C:\Program Files\Microchip\mplabc18\v3.37\src\traditional\proc\p18F4550.asm
                    PRODH   0x000ff4       data     extern C:\Program Files\Microchip\mplabc18\v3.37\src\traditional\proc\p18F4550.asm
                    PRODL   0x000ff3       data     extern C:\Program Files\Microchip\mplabc18\v3.37\src\traditional\proc\p18F4550.asm
                     RCON   0x000fd0       data     extern C:\Program Files\Microchip\mplabc18\v3.37\src\traditional\proc\p18F4550.asm
                 RCONbits   0x000fd0       data     extern C:\Program Files\Microchip\mplabc18\v3.37\src\traditional\proc\p18F4550.asm
                    RCREG   0x000fae       data     extern C:\Program Files\Microchip\mplabc18\v3.37\src\traditional\proc\p18F4550.asm
                    RCSTA   0x000fab       data     extern C:\Program Files\Microchip\mplabc18\v3.37\src\traditional\proc\p18F4550.asm
                RCSTAbits   0x000fab       data     extern C:\Program Files\Microchip\mplabc18\v3.37\src\traditional\proc\p18F4550.asm
                     SIGN   0x000000       data     extern C:\Program Files\Microchip\mplabc18\v3.37\src\traditional\math\cmath18.asm
                    SPBRG   0x000faf       data     extern C:\Program Files\Microchip\mplabc18\v3.37\src\traditional\proc\p18F4550.asm
                   SPBRGH   0x000fb0       data     extern C:\Program Files\Microchip\mplabc18\v3.37\src\traditional\proc\p18F4550.asm
                   SPPCFG   0x000f63       data     extern C:\Program Files\Microchip\mplabc18\v3.37\src\traditional\proc\p18F4550.asm
               SPPCFGbits   0x000f63       data     extern C:\Program Files\Microchip\mplabc18\v3.37\src\traditional\proc\p18F4550.asm
                   SPPCON   0x000f65       data     extern C:\Program Files\Microchip\mplabc18\v3.37\src\traditional\proc\p18F4550.asm
               SPPCONbits   0x000f65       data     extern C:\Program Files\Microchip\mplabc18\v3.37\src\traditional\proc\p18F4550.asm
                  SPPDATA   0x000f62       data     extern C:\Program Files\Microchip\mplabc18\v3.37\src\traditional\proc\p18F4550.asm
                   SPPEPS   0x000f64       data     extern C:\Program Files\Microchip\mplabc18\v3.37\src\traditional\proc\p18F4550.asm
               SPPEPSbits   0x000f64       data     extern C:\Program Files\Microchip\mplabc18\v3.37\src\traditional\proc\p18F4550.asm
                   SSPADD   0x000fc8       data     extern C:\Program Files\Microchip\mplabc18\v3.37\src\traditional\proc\p18F4550.asm
                   SSPBUF   0x000fc9       data     extern C:\Program Files\Microchip\mplabc18\v3.37\src\traditional\proc\p18F4550.asm
                  SSPCON1   0x000fc6       data     extern C:\Program Files\Microchip\mplabc18\v3.37\src\traditional\proc\p18F4550.asm
              SSPCON1bits   0x000fc6       data     extern C:\Program Files\Microchip\mplabc18\v3.37\src\traditional\proc\p18F4550.asm
                  SSPCON2   0x000fc5       data     extern C:\Program Files\Microchip\mplabc18\v3.37\src\traditional\proc\p18F4550.asm
              SSPCON2bits   0x000fc5       data     extern C:\Program Files\Microchip\mplabc18\v3.37\src\traditional\proc\p18F4550.asm
                  SSPSTAT   0x000fc7       data     extern C:\Program Files\Microchip\mplabc18\v3.37\src\traditional\proc\p18F4550.asm
              SSPSTATbits   0x000fc7       data     extern C:\Program Files\Microchip\mplabc18\v3.37\src\traditional\proc\p18F4550.asm
                   STATUS   0x000fd8       data     extern C:\Program Files\Microchip\mplabc18\v3.37\src\traditional\proc\p18F4550.asm
               STATUSbits   0x000fd8       data     extern C:\Program Files\Microchip\mplabc18\v3.37\src\traditional\proc\p18F4550.asm
                   STKPTR   0x000ffc       data     extern C:\Program Files\Microchip\mplabc18\v3.37\src\traditional\proc\p18F4550.asm
               STKPTRbits   0x000ffc       data     extern C:\Program Files\Microchip\mplabc18\v3.37\src\traditional\proc\p18F4550.asm
                    T0CON   0x000fd5       data     extern C:\Program Files\Microchip\mplabc18\v3.37\src\traditional\proc\p18F4550.asm
                T0CONbits   0x000fd5       data     extern C:\Program Files\Microchip\mplabc18\v3.37\src\traditional\proc\p18F4550.asm
                    T1CON   0x000fcd       data     extern C:\Program Files\Microchip\mplabc18\v3.37\src\traditional\proc\p18F4550.asm
                T1CONbits   0x000fcd       data     extern C:\Program Files\Microchip\mplabc18\v3.37\src\traditional\proc\p18F4550.asm
                    T2CON   0x000fca       data     extern C:\Program Files\Microchip\mplabc18\v3.37\src\traditional\proc\p18F4550.asm
                T2CONbits   0x000fca       data     extern C:\Program Files\Microchip\mplabc18\v3.37\src\traditional\proc\p18F4550.asm
                    T3CON   0x000fb1       data     extern C:\Program Files\Microchip\mplabc18\v3.37\src\traditional\proc\p18F4550.asm
                T3CONbits   0x000fb1       data     extern C:\Program Files\Microchip\mplabc18\v3.37\src\traditional\proc\p18F4550.asm
                   TABLAT   0x000ff5       data     extern C:\Program Files\Microchip\mplabc18\v3.37\src\traditional\proc\p18F4550.asm
                   TBLPTR   0x000ff6       data     extern C:\Program Files\Microchip\mplabc18\v3.37\src\traditional\proc\p18F4550.asm
                  TBLPTRH   0x000ff7       data     extern C:\Program Files\Microchip\mplabc18\v3.37\src\traditional\proc\p18F4550.asm
                  TBLPTRL   0x000ff6       data     extern C:\Program Files\Microchip\mplabc18\v3.37\src\traditional\proc\p18F4550.asm
                  TBLPTRU   0x000ff8       data     extern C:\Program Files\Microchip\mplabc18\v3.37\src\traditional\proc\p18F4550.asm
                    TMR0H   0x000fd7       data     extern C:\Program Files\Microchip\mplabc18\v3.37\src\traditional\proc\p18F4550.asm
                    TMR0L   0x000fd6       data     extern C:\Program Files\Microchip\mplabc18\v3.37\src\traditional\proc\p18F4550.asm
                    TMR1H   0x000fcf       data     extern C:\Program Files\Microchip\mplabc18\v3.37\src\traditional\proc\p18F4550.asm
                    TMR1L   0x000fce       data     extern C:\Program Files\Microchip\mplabc18\v3.37\src\traditional\proc\p18F4550.asm
                     TMR2   0x000fcc       data     extern C:\Program Files\Microchip\mplabc18\v3.37\src\traditional\proc\p18F4550.asm
                    TMR3H   0x000fb3       data     extern C:\Program Files\Microchip\mplabc18\v3.37\src\traditional\proc\p18F4550.asm
                    TMR3L   0x000fb2       data     extern C:\Program Files\Microchip\mplabc18\v3.37\src\traditional\proc\p18F4550.asm
                      TOS   0x000ffd       data     extern C:\Program Files\Microchip\mplabc18\v3.37\src\traditional\proc\p18F4550.asm
                     TOSH   0x000ffe       data     extern C:\Program Files\Microchip\mplabc18\v3.37\src\traditional\proc\p18F4550.asm
                     TOSL   0x000ffd       data     extern C:\Program Files\Microchip\mplabc18\v3.37\src\traditional\proc\p18F4550.asm
                     TOSU   0x000fff       data     extern C:\Program Files\Microchip\mplabc18\v3.37\src\traditional\proc\p18F4550.asm
                    TRISA   0x000f92       data     extern C:\Program Files\Microchip\mplabc18\v3.37\src\traditional\proc\p18F4550.asm
                TRISAbits   0x000f92       data     extern C:\Program Files\Microchip\mplabc18\v3.37\src\traditional\proc\p18F4550.asm
                    TRISB   0x000f93       data     extern C:\Program Files\Microchip\mplabc18\v3.37\src\traditional\proc\p18F4550.asm
                TRISBbits   0x000f93       data     extern C:\Program Files\Microchip\mplabc18\v3.37\src\traditional\proc\p18F4550.asm
                    TRISC   0x000f94       data     extern C:\Program Files\Microchip\mplabc18\v3.37\src\traditional\proc\p18F4550.asm
                TRISCbits   0x000f94       data     extern C:\Program Files\Microchip\mplabc18\v3.37\src\traditional\proc\p18F4550.asm
                    TRISD   0x000f95       data     extern C:\Program Files\Microchip\mplabc18\v3.37\src\traditional\proc\p18F4550.asm
                TRISDbits   0x000f95       data     extern C:\Program Files\Microchip\mplabc18\v3.37\src\traditional\proc\p18F4550.asm
                    TRISE   0x000f96       data     extern C:\Program Files\Microchip\mplabc18\v3.37\src\traditional\proc\p18F4550.asm
                TRISEbits   0x000f96       data     extern C:\Program Files\Microchip\mplabc18\v3.37\src\traditional\proc\p18F4550.asm
                    TXREG   0x000fad       data     extern C:\Program Files\Microchip\mplabc18\v3.37\src\traditional\proc\p18F4550.asm
                    TXSTA   0x000fac       data     extern C:\Program Files\Microchip\mplabc18\v3.37\src\traditional\proc\p18F4550.asm
                TXSTAbits   0x000fac       data     extern C:\Program Files\Microchip\mplabc18\v3.37\src\traditional\proc\p18F4550.asm
                    UADDR   0x000f6e       data     extern C:\Program Files\Microchip\mplabc18\v3.37\src\traditional\proc\p18F4550.asm
                UADDRbits   0x000f6e       data     extern C:\Program Files\Microchip\mplabc18\v3.37\src\traditional\proc\p18F4550.asm
                     UCFG   0x000f6f       data     extern C:\Program Files\Microchip\mplabc18\v3.37\src\traditional\proc\p18F4550.asm
                 UCFGbits   0x000f6f       data     extern C:\Program Files\Microchip\mplabc18\v3.37\src\traditional\proc\p18F4550.asm
                     UCON   0x000f6d       data     extern C:\Program Files\Microchip\mplabc18\v3.37\src\traditional\proc\p18F4550.asm
                 UCONbits   0x000f6d       data     extern C:\Program Files\Microchip\mplabc18\v3.37\src\traditional\proc\p18F4550.asm
                     UEIE   0x000f6b       data     extern C:\Program Files\Microchip\mplabc18\v3.37\src\traditional\proc\p18F4550.asm
                 UEIEbits   0x000f6b       data     extern C:\Program Files\Microchip\mplabc18\v3.37\src\traditional\proc\p18F4550.asm
                     UEIR   0x000f6a       data     extern C:\Program Files\Microchip\mplabc18\v3.37\src\traditional\proc\p18F4550.asm
                 UEIRbits   0x000f6a       data     extern C:\Program Files\Microchip\mplabc18\v3.37\src\traditional\proc\p18F4550.asm
                     UEP0   0x000f70       data     extern C:\Program Files\Microchip\mplabc18\v3.37\src\traditional\proc\p18F4550.asm
                 UEP0bits   0x000f70       data     extern C:\Program Files\Microchip\mplabc18\v3.37\src\traditional\proc\p18F4550.asm
                     UEP1   0x000f71       data     extern C:\Program Files\Microchip\mplabc18\v3.37\src\traditional\proc\p18F4550.asm
                    UEP10   0x000f7a       data     extern C:\Program Files\Microchip\mplabc18\v3.37\src\traditional\proc\p18F4550.asm
                UEP10bits   0x000f7a       data     extern C:\Program Files\Microchip\mplabc18\v3.37\src\traditional\proc\p18F4550.asm
                    UEP11   0x000f7b       data     extern C:\Program Files\Microchip\mplabc18\v3.37\src\traditional\proc\p18F4550.asm
                UEP11bits   0x000f7b       data     extern C:\Program Files\Microchip\mplabc18\v3.37\src\traditional\proc\p18F4550.asm
                    UEP12   0x000f7c       data     extern C:\Program Files\Microchip\mplabc18\v3.37\src\traditional\proc\p18F4550.asm
                UEP12bits   0x000f7c       data     extern C:\Program Files\Microchip\mplabc18\v3.37\src\traditional\proc\p18F4550.asm
                    UEP13   0x000f7d       data     extern C:\Program Files\Microchip\mplabc18\v3.37\src\traditional\proc\p18F4550.asm
                UEP13bits   0x000f7d       data     extern C:\Program Files\Microchip\mplabc18\v3.37\src\traditional\proc\p18F4550.asm
                    UEP14   0x000f7e       data     extern C:\Program Files\Microchip\mplabc18\v3.37\src\traditional\proc\p18F4550.asm
                UEP14bits   0x000f7e       data     extern C:\Program Files\Microchip\mplabc18\v3.37\src\traditional\proc\p18F4550.asm
                    UEP15   0x000f7f       data     extern C:\Program Files\Microchip\mplabc18\v3.37\src\traditional\proc\p18F4550.asm
                UEP15bits   0x000f7f       data     extern C:\Program Files\Microchip\mplabc18\v3.37\src\traditional\proc\p18F4550.asm
                 UEP1bits   0x000f71       data     extern C:\Program Files\Microchip\mplabc18\v3.37\src\traditional\proc\p18F4550.asm
                     UEP2   0x000f72       data     extern C:\Program Files\Microchip\mplabc18\v3.37\src\traditional\proc\p18F4550.asm
                 UEP2bits   0x000f72       data     extern C:\Program Files\Microchip\mplabc18\v3.37\src\traditional\proc\p18F4550.asm
                     UEP3   0x000f73       data     extern C:\Program Files\Microchip\mplabc18\v3.37\src\traditional\proc\p18F4550.asm
                 UEP3bits   0x000f73       data     extern C:\Program Files\Microchip\mplabc18\v3.37\src\traditional\proc\p18F4550.asm
                     UEP4   0x000f74       data     extern C:\Program Files\Microchip\mplabc18\v3.37\src\traditional\proc\p18F4550.asm
                 UEP4bits   0x000f74       data     extern C:\Program Files\Microchip\mplabc18\v3.37\src\traditional\proc\p18F4550.asm
                     UEP5   0x000f75       data     extern C:\Program Files\Microchip\mplabc18\v3.37\src\traditional\proc\p18F4550.asm
                 UEP5bits   0x000f75       data     extern C:\Program Files\Microchip\mplabc18\v3.37\src\traditional\proc\p18F4550.asm
                     UEP6   0x000f76       data     extern C:\Program Files\Microchip\mplabc18\v3.37\src\traditional\proc\p18F4550.asm
                 UEP6bits   0x000f76       data     extern C:\Program Files\Microchip\mplabc18\v3.37\src\traditional\proc\p18F4550.asm
                     UEP7   0x000f77       data     extern C:\Program Files\Microchip\mplabc18\v3.37\src\traditional\proc\p18F4550.asm
                 UEP7bits   0x000f77       data     extern C:\Program Files\Microchip\mplabc18\v3.37\src\traditional\proc\p18F4550.asm
                     UEP8   0x000f78       data     extern C:\Program Files\Microchip\mplabc18\v3.37\src\traditional\proc\p18F4550.asm
                 UEP8bits   0x000f78       data     extern C:\Program Files\Microchip\mplabc18\v3.37\src\traditional\proc\p18F4550.asm
                     UEP9   0x000f79       data     extern C:\Program Files\Microchip\mplabc18\v3.37\src\traditional\proc\p18F4550.asm
                 UEP9bits   0x000f79       data     extern C:\Program Files\Microchip\mplabc18\v3.37\src\traditional\proc\p18F4550.asm
                     UFRM   0x000f66       data     extern C:\Program Files\Microchip\mplabc18\v3.37\src\traditional\proc\p18F4550.asm
                    UFRMH   0x000f67       data     extern C:\Program Files\Microchip\mplabc18\v3.37\src\traditional\proc\p18F4550.asm
                UFRMHbits   0x000f67       data     extern C:\Program Files\Microchip\mplabc18\v3.37\src\traditional\proc\p18F4550.asm
                    UFRML   0x000f66       data     extern C:\Program Files\Microchip\mplabc18\v3.37\src\traditional\proc\p18F4550.asm
                UFRMLbits   0x000f66       data     extern C:\Program Files\Microchip\mplabc18\v3.37\src\traditional\proc\p18F4550.asm
                      UIE   0x000f69       data     extern C:\Program Files\Microchip\mplabc18\v3.37\src\traditional\proc\p18F4550.asm
                  UIEbits   0x000f69       data     extern C:\Program Files\Microchip\mplabc18\v3.37\src\traditional\proc\p18F4550.asm
                      UIR   0x000f68       data     extern C:\Program Files\Microchip\mplabc18\v3.37\src\traditional\proc\p18F4550.asm
                  UIRbits   0x000f68       data     extern C:\Program Files\Microchip\mplabc18\v3.37\src\traditional\proc\p18F4550.asm
                    USTAT   0x000f6c       data     extern C:\Program Files\Microchip\mplabc18\v3.37\src\traditional\proc\p18F4550.asm
                USTATbits   0x000f6c       data     extern C:\Program Files\Microchip\mplabc18\v3.37\src\traditional\proc\p18F4550.asm
                   WDTCON   0x000fd1       data     extern C:\Program Files\Microchip\mplabc18\v3.37\src\traditional\proc\p18F4550.asm
               WDTCONbits   0x000fd1       data     extern C:\Program Files\Microchip\mplabc18\v3.37\src\traditional\proc\p18F4550.asm
                     WREG   0x000fe8       data     extern C:\Program Files\Microchip\mplabc18\v3.37\src\traditional\proc\p18F4550.asm
                 __AARGB0   0x000009       data     extern C:\Program Files\Microchip\mplabc18\v3.37\src\traditional\math\aarg.asm
                 __AARGB1   0x000008       data     extern C:\Program Files\Microchip\mplabc18\v3.37\src\traditional\math\aarg.asm
                 __AARGB2   0x000007       data     extern C:\Program Files\Microchip\mplabc18\v3.37\src\traditional\math\aarg.asm
                 __AARGB3   0x000006       data     extern C:\Program Files\Microchip\mplabc18\v3.37\src\traditional\math\aarg.asm
                 __AARGB4   0x000005       data     extern C:\Program Files\Microchip\mplabc18\v3.37\src\traditional\math\aarg.asm
                 __AARGB5   0x000004       data     extern C:\Program Files\Microchip\mplabc18\v3.37\src\traditional\math\aarg.asm
                 __AARGB6   0x000003       data     extern C:\Program Files\Microchip\mplabc18\v3.37\src\traditional\math\aarg.asm
                 __AARGB7   0x000002       data     extern C:\Program Files\Microchip\mplabc18\v3.37\src\traditional\math\aarg.asm
                   __AEXP   0x00000a       data     extern C:\Program Files\Microchip\mplabc18\v3.37\src\traditional\math\aarg.asm
                 __BARGB0   0x00000e       data     extern C:\Program Files\Microchip\mplabc18\v3.37\src\traditional\math\barg.asm
                 __BARGB1   0x00000d       data     extern C:\Program Files\Microchip\mplabc18\v3.37\src\traditional\math\barg.asm
                 __BARGB2   0x00000c       data     extern C:\Program Files\Microchip\mplabc18\v3.37\src\traditional\math\barg.asm
                 __BARGB3   0x00000b       data     extern C:\Program Files\Microchip\mplabc18\v3.37\src\traditional\math\barg.asm
                   __BEXP   0x00000f       data     extern C:\Program Files\Microchip\mplabc18\v3.37\src\traditional\math\barg.asm
                __FPFLAGS   0x000001       data     extern C:\Program Files\Microchip\mplabc18\v3.37\src\traditional\math\cmath18.asm
            __FPFLAGSbits   0x000001       data     extern C:\Program Files\Microchip\mplabc18\v3.37\src\traditional\math\cmath18.asm
                  __REMB0   0x000005       data     extern C:\Program Files\Microchip\mplabc18\v3.37\src\traditional\math\aarg.asm
                  __REMB1   0x000004       data     extern C:\Program Files\Microchip\mplabc18\v3.37\src\traditional\math\aarg.asm
                  __REMB2   0x000003       data     extern C:\Program Files\Microchip\mplabc18\v3.37\src\traditional\math\aarg.asm
                  __REMB3   0x000002       data     extern C:\Program Files\Microchip\mplabc18\v3.37\src\traditional\math\aarg.asm
                   __TEMP   0x000013       data     extern C:\Program Files\Microchip\mplabc18\v3.37\src\traditional\math\temparg.asm
                 __TEMPB0   0x000013       data     extern C:\Program Files\Microchip\mplabc18\v3.37\src\traditional\math\temparg.asm
                 __TEMPB1   0x000012       data     extern C:\Program Files\Microchip\mplabc18\v3.37\src\traditional\math\temparg.asm
                 __TEMPB2   0x000011       data     extern C:\Program Files\Microchip\mplabc18\v3.37\src\traditional\math\temparg.asm
                 __TEMPB3   0x000010       data     extern C:\Program Files\Microchip\mplabc18\v3.37\src\traditional\math\temparg.asm
                  __tmp_0   0x000014       data     static C:\Program Files\Microchip\mplabc18\v3.37\src\traditional\stdclib\putc.c
                  __tmp_0   0x000014       data     static C:\Program Files\Microchip\mplabc18\v3.37\src\traditional\stdclib\vfprintf.c
                  __tmp_0   0x000014       data     static C:\Program Files\Microchip\mplabc18\v3.37\src\traditional\stdclib\sprintf.c
                  __tmp_0   0x000014       data     static C:\Users\LucasFranklin\Desktop\projeto4\projeto4.c
                     cont   0x000070       data     extern C:\Users\LucasFranklin\Desktop\projeto4\projeto4.c
                curr_byte   0x000075       data     static C:\Program Files\Microchip\mplabc18\v3.37\src\traditional\startup\c018i.c
               curr_entry   0x000077       data     static C:\Program Files\Microchip\mplabc18\v3.37\src\traditional\startup\c018i.c
                 data_ptr   0x000079       data     static C:\Program Files\Microchip\mplabc18\v3.37\src\traditional\startup\c018i.c
                   format   0x00006c       data     extern C:\Users\LucasFranklin\Desktop\projeto4\projeto4.c
                     hora   0x000060       data     extern C:\Users\LucasFranklin\Desktop\projeto4\projeto4.c
                   minuto   0x000064       data     extern C:\Users\LucasFranklin\Desktop\projeto4\projeto4.c
                     prom   0x000072       data     static C:\Program Files\Microchip\mplabc18\v3.37\src\traditional\startup\c018i.c
                  segundo   0x000068       data     extern C:\Users\LucasFranklin\Desktop\projeto4\projeto4.c



                              Symbols - Sorted by Address
                     Name    Address   Location    Storage File                     
                ---------  ---------  ---------  --------- ---------                
                   _entry   0x000000    program     extern C:\Program Files\Microchip\mplabc18\v3.37\src\traditional\startup\c018i.c
       ___return_lbl00000   0x000004    program     static                          
                   _reset   0x001000    program     extern C:\Users\LucasFranklin\Desktop\projeto4\projeto4.c
       ___return_lbl00008   0x001004    program     static                          
                _high_ISR   0x001008    program     extern C:\Users\LucasFranklin\Desktop\projeto4\projeto4.c
       ___return_lbl00009   0x00100c    program     static                          
                 _low_ISR   0x001018    program     extern C:\Users\LucasFranklin\Desktop\projeto4\projeto4.c
       ___return_lbl00010   0x00101c    program     static                          
            s_put_n_chars   0x001038    program     static C:\Program Files\Microchip\mplabc18\v3.37\src\traditional\stdclib\vfprintf.c
                 vfprintf   0x001064    program     extern C:\Program Files\Microchip\mplabc18\v3.37\src\traditional\stdclib\vfprintf.c
              __tmplbl_85   0x00108e    program     static                          
              __tmplbl_44   0x00193c    program     static                          
              __tmplbl_43   0x001956    program     static                          
                   __pa_0   0x001978    program     static C:\Program Files\Microchip\mplabc18\v3.37\src\traditional\stdclib\vfprintf.c
                   __pa_1   0x001980    program     static C:\Program Files\Microchip\mplabc18\v3.37\src\traditional\stdclib\vfprintf.c
                   __pa_2   0x00198a    program     static C:\Program Files\Microchip\mplabc18\v3.37\src\traditional\stdclib\vfprintf.c
                   __pa_3   0x001994    program     static C:\Program Files\Microchip\mplabc18\v3.37\src\traditional\stdclib\vfprintf.c
                   __pa_4   0x0019ac    program     static C:\Program Files\Microchip\mplabc18\v3.37\src\traditional\stdclib\vfprintf.c
                   __pa_5   0x0019c0    program     static C:\Program Files\Microchip\mplabc18\v3.37\src\traditional\stdclib\vfprintf.c
                   __pa_6   0x0019dc    program     static C:\Program Files\Microchip\mplabc18\v3.37\src\traditional\stdclib\vfprintf.c
                   __pa_7   0x0019e6    program     static C:\Program Files\Microchip\mplabc18\v3.37\src\traditional\stdclib\vfprintf.c
                   __pa_8   0x0019f2    program     static C:\Program Files\Microchip\mplabc18\v3.37\src\traditional\stdclib\vfprintf.c
                   __pa_9   0x001a14    program     static C:\Program Files\Microchip\mplabc18\v3.37\src\traditional\stdclib\vfprintf.c
                  __pa_10   0x001a34    program     static C:\Program Files\Microchip\mplabc18\v3.37\src\traditional\stdclib\vfprintf.c
                  __pa_11   0x001a42    program     static C:\Program Files\Microchip\mplabc18\v3.37\src\traditional\stdclib\vfprintf.c
                  __pa_12   0x001a58    program     static C:\Program Files\Microchip\mplabc18\v3.37\src\traditional\stdclib\vfprintf.c
                  __pa_13   0x001a72    program     static C:\Program Files\Microchip\mplabc18\v3.37\src\traditional\stdclib\vfprintf.c
                  __pa_14   0x001a8a    program     static C:\Program Files\Microchip\mplabc18\v3.37\src\traditional\stdclib\vfprintf.c
                  __pa_15   0x001a9a    program     static C:\Program Files\Microchip\mplabc18\v3.37\src\traditional\stdclib\vfprintf.c
                  __pa_16   0x001ab0    program     static C:\Program Files\Microchip\mplabc18\v3.37\src\traditional\stdclib\vfprintf.c
                  __pa_17   0x001ac2    program     static C:\Program Files\Microchip\mplabc18\v3.37\src\traditional\stdclib\vfprintf.c
                  __pa_18   0x001ad4    program     static C:\Program Files\Microchip\mplabc18\v3.37\src\traditional\stdclib\vfprintf.c
                  __pa_19   0x001ade    program     static C:\Program Files\Microchip\mplabc18\v3.37\src\traditional\stdclib\vfprintf.c
                  __pa_20   0x001aee    program     static C:\Program Files\Microchip\mplabc18\v3.37\src\traditional\stdclib\vfprintf.c
                  __pa_21   0x001afe    program     static C:\Program Files\Microchip\mplabc18\v3.37\src\traditional\stdclib\vfprintf.c
                  __pa_22   0x001b0e    program     static C:\Program Files\Microchip\mplabc18\v3.37\src\traditional\stdclib\vfprintf.c
              __tmplbl_42   0x001b0e    program     static                          
                  __pa_23   0x001b1a    program     static C:\Program Files\Microchip\mplabc18\v3.37\src\traditional\stdclib\vfprintf.c
                  __pa_24   0x001b28    program     static C:\Program Files\Microchip\mplabc18\v3.37\src\traditional\stdclib\vfprintf.c
                  __pa_25   0x001b30    program     static C:\Program Files\Microchip\mplabc18\v3.37\src\traditional\stdclib\vfprintf.c
                  __pa_26   0x001b3a    program     static C:\Program Files\Microchip\mplabc18\v3.37\src\traditional\stdclib\vfprintf.c
                  __pa_27   0x001b44    program     static C:\Program Files\Microchip\mplabc18\v3.37\src\traditional\stdclib\vfprintf.c
                  __pa_28   0x001b4c    program     static C:\Program Files\Microchip\mplabc18\v3.37\src\traditional\stdclib\vfprintf.c
                  __pa_29   0x001b5a    program     static C:\Program Files\Microchip\mplabc18\v3.37\src\traditional\stdclib\vfprintf.c
                  __pa_30   0x001b76    program     static C:\Program Files\Microchip\mplabc18\v3.37\src\traditional\stdclib\vfprintf.c
                  __pa_31   0x001b90    program     static C:\Program Files\Microchip\mplabc18\v3.37\src\traditional\stdclib\vfprintf.c
                  __pa_32   0x001baa    program     static C:\Program Files\Microchip\mplabc18\v3.37\src\traditional\stdclib\vfprintf.c
                  __pa_33   0x001bc2    program     static C:\Program Files\Microchip\mplabc18\v3.37\src\traditional\stdclib\vfprintf.c
                  __pa_34   0x001bcc    program     static C:\Program Files\Microchip\mplabc18\v3.37\src\traditional\stdclib\vfprintf.c
                  __pa_35   0x001bda    program     static C:\Program Files\Microchip\mplabc18\v3.37\src\traditional\stdclib\vfprintf.c
                  __pa_36   0x001be2    program     static C:\Program Files\Microchip\mplabc18\v3.37\src\traditional\stdclib\vfprintf.c
                  __pa_37   0x001bec    program     static C:\Program Files\Microchip\mplabc18\v3.37\src\traditional\stdclib\vfprintf.c
                  __pa_38   0x001bfc    program     static C:\Program Files\Microchip\mplabc18\v3.37\src\traditional\stdclib\vfprintf.c
                  __pa_39   0x001c0a    program     static C:\Program Files\Microchip\mplabc18\v3.37\src\traditional\stdclib\vfprintf.c
                  __pa_40   0x001c16    program     static C:\Program Files\Microchip\mplabc18\v3.37\src\traditional\stdclib\vfprintf.c
                  __pa_41   0x001c22    program     static C:\Program Files\Microchip\mplabc18\v3.37\src\traditional\stdclib\vfprintf.c
                  __pa_42   0x001c2a    program     static C:\Program Files\Microchip\mplabc18\v3.37\src\traditional\stdclib\vfprintf.c
                  __pa_43   0x001c34    program     static C:\Program Files\Microchip\mplabc18\v3.37\src\traditional\stdclib\vfprintf.c
                  __pa_44   0x001c3a    program     static C:\Program Files\Microchip\mplabc18\v3.37\src\traditional\stdclib\vfprintf.c
                  __pa_45   0x001c44    program     static C:\Program Files\Microchip\mplabc18\v3.37\src\traditional\stdclib\vfprintf.c
                  __pa_46   0x001c50    program     static C:\Program Files\Microchip\mplabc18\v3.37\src\traditional\stdclib\vfprintf.c
                 OpenXLCD   0x001c5a    program     extern C:\Users\LucasFranklin\Desktop\projeto4\my_xlcd.c
             WriteCmdXLCD   0x001d1e    program     extern C:\Users\LucasFranklin\Desktop\projeto4\my_xlcd.c
            WriteDataXLCD   0x001db6    program     extern C:\Users\LucasFranklin\Desktop\projeto4\my_xlcd.c
             SetDDRamAddr   0x001e4e    program     extern C:\Users\LucasFranklin\Desktop\projeto4\my_xlcd.c
                 putsXLCD   0x001ede    program     extern C:\Users\LucasFranklin\Desktop\projeto4\my_xlcd.c
                putrsXLCD   0x001f1e    program     extern C:\Users\LucasFranklin\Desktop\projeto4\my_xlcd.c
               putIntXLCD   0x001f62    program     extern C:\Users\LucasFranklin\Desktop\projeto4\my_xlcd.c
Tratamento_High_Interrupt   0x001fc8    program     extern C:\Users\LucasFranklin\Desktop\projeto4\projeto4.c
 Tratamento_Low_Interrupt   0x0020e8    program     extern C:\Users\LucasFranklin\Desktop\projeto4\projeto4.c
                     main   0x00210e    program     extern C:\Users\LucasFranklin\Desktop\projeto4\projeto4.c
                     itoa   0x002226    program     extern C:\Program Files\Microchip\mplabc18\v3.37\src\traditional\stdclib\itoa.asm
                jTstSign1   0x002252    program     static C:\Program Files\Microchip\mplabc18\v3.37\src\traditional\stdclib\itoa.asm
                     jDo5   0x00229c    program     static C:\Program Files\Microchip\mplabc18\v3.37\src\traditional\stdclib\itoa.asm
                     jDo4   0x0022a0    program     static C:\Program Files\Microchip\mplabc18\v3.37\src\traditional\stdclib\itoa.asm
                     jDo3   0x0022a4    program     static C:\Program Files\Microchip\mplabc18\v3.37\src\traditional\stdclib\itoa.asm
                     jDo2   0x0022a8    program     static C:\Program Files\Microchip\mplabc18\v3.37\src\traditional\stdclib\itoa.asm
                     jDo1   0x0022ac    program     static C:\Program Files\Microchip\mplabc18\v3.37\src\traditional\stdclib\itoa.asm
                 TstUpper   0x0022e0    program     static C:\Program Files\Microchip\mplabc18\v3.37\src\traditional\stdclib\itoa.asm
                 TstLower   0x0022e6    program     static C:\Program Files\Microchip\mplabc18\v3.37\src\traditional\stdclib\itoa.asm
                jTstLowZ1   0x0022f0    program     static C:\Program Files\Microchip\mplabc18\v3.37\src\traditional\stdclib\itoa.asm
                ProcUpper   0x0022f2    program     static C:\Program Files\Microchip\mplabc18\v3.37\src\traditional\stdclib\itoa.asm
                ProcLower   0x0022fc    program     static C:\Program Files\Microchip\mplabc18\v3.37\src\traditional\stdclib\itoa.asm
                   itoBCD   0x002306    program     extern C:\Program Files\Microchip\mplabc18\v3.37\src\traditional\stdclib\itobcd.asm
                    jLoop   0x00231e    program     static C:\Program Files\Microchip\mplabc18\v3.37\src\traditional\stdclib\itobcd.asm
                     jEnd   0x002344    program     static C:\Program Files\Microchip\mplabc18\v3.37\src\traditional\stdclib\itobcd.asm
                  OneByte   0x002348    program     static C:\Program Files\Microchip\mplabc18\v3.37\src\traditional\stdclib\itobcd.asm
                  sprintf   0x00235a    program     extern C:\Program Files\Microchip\mplabc18\v3.37\src\traditional\stdclib\sprintf.c
                _do_cinit   0x002406    program     extern C:\Program Files\Microchip\mplabc18\v3.37\src\traditional\startup\c018i.c
                     test   0x002420    program     static                          
                copy_loop   0x002478    program     static                          
            copy_one_byte   0x00247e    program     static                          
             done_copying   0x00248c    program     static                          
       ___return_lbl00002   0x0024a2    program     static                          
                     done   0x0024a2    program     static                          
                     putc   0x0024a4    program     extern C:\Program Files\Microchip\mplabc18\v3.37\src\traditional\stdclib\putc.c
                  FXM3232   0x002528    program     extern C:\Program Files\Microchip\mplabc18\v3.37\src\traditional\math\fxm3232.c
       ___return_lbl00000   0x002596    program     static                          
                   strlen   0x002598    program     extern C:\Program Files\Microchip\mplabc18\v3.37\src\traditional\stdclib\strlen.asm
                    jLoop   0x0025a8    program     static C:\Program Files\Microchip\mplabc18\v3.37\src\traditional\stdclib\strlen.asm
                     jEnd   0x0025b2    program     static C:\Program Files\Microchip\mplabc18\v3.37\src\traditional\stdclib\strlen.asm
                strlenpgm   0x0025b4    program     extern C:\Program Files\Microchip\mplabc18\v3.37\src\traditional\stdclib\slenpgm.asm
                    jLoop   0x0025d2    program     static C:\Program Files\Microchip\mplabc18\v3.37\src\traditional\stdclib\slenpgm.asm
                   _2jEnd   0x0025e8    program     static C:\Program Files\Microchip\mplabc18\v3.37\src\traditional\stdclib\slenpgm.asm
                     jEnd   0x0025ea    program     static C:\Program Files\Microchip\mplabc18\v3.37\src\traditional\stdclib\slenpgm.asm
                 FXM1616S   0x0025fe    program     extern C:\Program Files\Microchip\mplabc18\v3.37\src\traditional\math\fxm1616s.asm
               TSIGN1616A   0x00264a    program     static C:\Program Files\Microchip\mplabc18\v3.37\src\traditional\math\fxm1616s.asm
                 FXD3232U   0x002658    program     extern C:\Program Files\Microchip\mplabc18\v3.37\src\traditional\math\fxd3232u.c
                     loop   0x002666    program     static                          
                   _false   0x00269a    program     static                          
       ___return_lbl00000   0x00269e    program     static                          
              WriteTimer0   0x0026a0    program     extern C:\Program Files\Microchip\mplabc18\v3.37\src\pmc_common\Timers\t0write.c
               OpenTimer0   0x0026d8    program     extern C:\Program Files\Microchip\mplabc18\v3.37\src\pmc_common\Timers\t0open.c
             Delay10KTCYx   0x002710    program     extern C:\Program Files\Microchip\mplabc18\v3.37\src\traditional\delays\d10ktcyx.asm
                    D10Kx   0x00271a    program     static C:\Program Files\Microchip\mplabc18\v3.37\src\traditional\delays\d10ktcyx.asm
                   D10K_1   0x00271c    program     static C:\Program Files\Microchip\mplabc18\v3.37\src\traditional\delays\d10ktcyx.asm
       _D10KTCYXCODE_0010   0x002720    program     static C:\Program Files\Microchip\mplabc18\v3.37\src\traditional\delays\d10ktcyx.asm
                    D10Kl   0x002728    program     static C:\Program Files\Microchip\mplabc18\v3.37\src\traditional\delays\d10ktcyx.asm
       _D10KTCYXCODE_001C   0x00272c    program     static C:\Program Files\Microchip\mplabc18\v3.37\src\traditional\delays\d10ktcyx.asm
                  isdigit   0x00273e    program     extern C:\Program Files\Microchip\mplabc18\v3.37\src\traditional\stdclib\isdigit.asm
                   jMatch   0x00275e    program     static C:\Program Files\Microchip\mplabc18\v3.37\src\traditional\stdclib\isdigit.asm
                 jNoMatch   0x002760    program     static C:\Program Files\Microchip\mplabc18\v3.37\src\traditional\stdclib\isdigit.asm
            __zero_memory   0x002762    program     extern C:\Program Files\Microchip\mplabc18\v3.37\src\traditional\proc\p18F4550.asm
               zero_block   0x002770    program     static C:\Program Files\Microchip\mplabc18\v3.37\src\traditional\proc\p18F4550.asm
                   loop_h   0x002770    program     static C:\Program Files\Microchip\mplabc18\v3.37\src\traditional\proc\p18F4550.asm
                compare_l   0x002778    program     static C:\Program Files\Microchip\mplabc18\v3.37\src\traditional\proc\p18F4550.asm
                   loop_l   0x00277a    program     static C:\Program Files\Microchip\mplabc18\v3.37\src\traditional\proc\p18F4550.asm
[...]
                 PIE1bits   0x000f9d       data     extern C:\Program Files\Microchip\mplabc18\v3.37\src\traditional\proc\p18F4550.asm
                     PIE1   0x000f9d       data     extern C:\Program Files\Microchip\mplabc18\v3.37\src\traditional\proc\p18F4550.asm
                 PIR1bits   0x000f9e       data     extern C:\Program Files\Microchip\mplabc18\v3.37\src\traditional\proc\p18F4550.asm
                     PIR1   0x000f9e       data     extern C:\Program Files\Microchip\mplabc18\v3.37\src\traditional\proc\p18F4550.asm
                     IPR1   0x000f9f       data     extern C:\Program Files\Microchip\mplabc18\v3.37\src\traditional\proc\p18F4550.asm
                 IPR1bits   0x000f9f       data     extern C:\Program Files\Microchip\mplabc18\v3.37\src\traditional\proc\p18F4550.asm
                 PIE2bits   0x000fa0       data     extern C:\Program Files\Microchip\mplabc18\v3.37\src\traditional\proc\p18F4550.asm
                     PIE2   0x000fa0       data     extern C:\Program Files\Microchip\mplabc18\v3.37\src\traditional\proc\p18F4550.asm
                 PIR2bits   0x000fa1       data     extern C:\Program Files\Microchip\mplabc18\v3.37\src\traditional\proc\p18F4550.asm
                     PIR2   0x000fa1       data     extern C:\Program Files\Microchip\mplabc18\v3.37\src\traditional\proc\p18F4550.asm
                 IPR2bits   0x000fa2       data     extern C:\Program Files\Microchip\mplabc18\v3.37\src\traditional\proc\p18F4550.asm
                     IPR2   0x000fa2       data     extern C:\Program Files\Microchip\mplabc18\v3.37\src\traditional\proc\p18F4550.asm
                   EECON1   0x000fa6       data     extern C:\Program Files\Microchip\mplabc18\v3.37\src\traditional\proc\p18F4550.asm
               EECON1bits   0x000fa6       data     extern C:\Program Files\Microchip\mplabc18\v3.37\src\traditional\proc\p18F4550.asm
                   EECON2   0x000fa7       data     extern C:\Program Files\Microchip\mplabc18\v3.37\src\traditional\proc\p18F4550.asm
                   EEDATA   0x000fa8       data     extern C:\Program Files\Microchip\mplabc18\v3.37\src\traditional\proc\p18F4550.asm
                    EEADR   0x000fa9       data     extern C:\Program Files\Microchip\mplabc18\v3.37\src\traditional\proc\p18F4550.asm
                RCSTAbits   0x000fab       data     extern C:\Program Files\Microchip\mplabc18\v3.37\src\traditional\proc\p18F4550.asm
                    RCSTA   0x000fab       data     extern C:\Program Files\Microchip\mplabc18\v3.37\src\traditional\proc\p18F4550.asm
                    TXSTA   0x000fac       data     extern C:\Program Files\Microchip\mplabc18\v3.37\src\traditional\proc\p18F4550.asm
                TXSTAbits   0x000fac       data     extern C:\Program Files\Microchip\mplabc18\v3.37\src\traditional\proc\p18F4550.asm
                    TXREG   0x000fad       data     extern C:\Program Files\Microchip\mplabc18\v3.37\src\traditional\proc\p18F4550.asm
                    RCREG   0x000fae       data     extern C:\Program Files\Microchip\mplabc18\v3.37\src\traditional\proc\p18F4550.asm
                    SPBRG   0x000faf       data     extern C:\Program Files\Microchip\mplabc18\v3.37\src\traditional\proc\p18F4550.asm
                   SPBRGH   0x000fb0       data     extern C:\Program Files\Microchip\mplabc18\v3.37\src\traditional\proc\p18F4550.asm
                    T3CON   0x000fb1       data     extern C:\Program Files\Microchip\mplabc18\v3.37\src\traditional\proc\p18F4550.asm
                T3CONbits   0x000fb1       data     extern C:\Program Files\Microchip\mplabc18\v3.37\src\traditional\proc\p18F4550.asm
                    TMR3L   0x000fb2       data     extern C:\Program Files\Microchip\mplabc18\v3.37\src\traditional\proc\p18F4550.asm
                    TMR3H   0x000fb3       data     extern C:\Program Files\Microchip\mplabc18\v3.37\src\traditional\proc\p18F4550.asm
                    CMCON   0x000fb4       data     extern C:\Program Files\Microchip\mplabc18\v3.37\src\traditional\proc\p18F4550.asm
                CMCONbits   0x000fb4       data     extern C:\Program Files\Microchip\mplabc18\v3.37\src\traditional\proc\p18F4550.asm
               CVRCONbits   0x000fb5       data     extern C:\Program Files\Microchip\mplabc18\v3.37\src\traditional\proc\p18F4550.asm
                   CVRCON   0x000fb5       data     extern C:\Program Files\Microchip\mplabc18\v3.37\src\traditional\proc\p18F4550.asm
               CCP1ASbits   0x000fb6       data     extern C:\Program Files\Microchip\mplabc18\v3.37\src\traditional\proc\p18F4550.asm
                   CCP1AS   0x000fb6       data     extern C:\Program Files\Microchip\mplabc18\v3.37\src\traditional\proc\p18F4550.asm
              ECCP1ASbits   0x000fb6       data     extern C:\Program Files\Microchip\mplabc18\v3.37\src\traditional\proc\p18F4550.asm
                  ECCP1AS   0x000fb6       data     extern C:\Program Files\Microchip\mplabc18\v3.37\src\traditional\proc\p18F4550.asm
             ECCP1DELbits   0x000fb7       data     extern C:\Program Files\Microchip\mplabc18\v3.37\src\traditional\proc\p18F4550.asm
                 ECCP1DEL   0x000fb7       data     extern C:\Program Files\Microchip\mplabc18\v3.37\src\traditional\proc\p18F4550.asm
                  CCP1DEL   0x000fb7       data     extern C:\Program Files\Microchip\mplabc18\v3.37\src\traditional\proc\p18F4550.asm
              CCP1DELbits   0x000fb7       data     extern C:\Program Files\Microchip\mplabc18\v3.37\src\traditional\proc\p18F4550.asm
              BAUDCTLbits   0x000fb8       data     extern C:\Program Files\Microchip\mplabc18\v3.37\src\traditional\proc\p18F4550.asm
                  BAUDCON   0x000fb8       data     extern C:\Program Files\Microchip\mplabc18\v3.37\src\traditional\proc\p18F4550.asm
              BAUDCONbits   0x000fb8       data     extern C:\Program Files\Microchip\mplabc18\v3.37\src\traditional\proc\p18F4550.asm
                  BAUDCTL   0x000fb8       data     extern C:\Program Files\Microchip\mplabc18\v3.37\src\traditional\proc\p18F4550.asm
              CCP2CONbits   0x000fba       data     extern C:\Program Files\Microchip\mplabc18\v3.37\src\traditional\proc\p18F4550.asm
                  CCP2CON   0x000fba       data     extern C:\Program Files\Microchip\mplabc18\v3.37\src\traditional\proc\p18F4550.asm
                    CCPR2   0x000fbb       data     extern C:\Program Files\Microchip\mplabc18\v3.37\src\traditional\proc\p18F4550.asm
                   CCPR2L   0x000fbb       data     extern C:\Program Files\Microchip\mplabc18\v3.37\src\traditional\proc\p18F4550.asm
                   CCPR2H   0x000fbc       data     extern C:\Program Files\Microchip\mplabc18\v3.37\src\traditional\proc\p18F4550.asm
              CCP1CONbits   0x000fbd       data     extern C:\Program Files\Microchip\mplabc18\v3.37\src\traditional\proc\p18F4550.asm
                  CCP1CON   0x000fbd       data     extern C:\Program Files\Microchip\mplabc18\v3.37\src\traditional\proc\p18F4550.asm
             ECCP1CONbits   0x000fbd       data     extern C:\Program Files\Microchip\mplabc18\v3.37\src\traditional\proc\p18F4550.asm
                 ECCP1CON   0x000fbd       data     extern C:\Program Files\Microchip\mplabc18\v3.37\src\traditional\proc\p18F4550.asm
                   CCPR1L   0x000fbe       data     extern C:\Program Files\Microchip\mplabc18\v3.37\src\traditional\proc\p18F4550.asm
                    CCPR1   0x000fbe       data     extern C:\Program Files\Microchip\mplabc18\v3.37\src\traditional\proc\p18F4550.asm
                   CCPR1H   0x000fbf       data     extern C:\Program Files\Microchip\mplabc18\v3.37\src\traditional\proc\p18F4550.asm
               ADCON2bits   0x000fc0       data     extern C:\Program Files\Microchip\mplabc18\v3.37\src\traditional\proc\p18F4550.asm
                   ADCON2   0x000fc0       data     extern C:\Program Files\Microchip\mplabc18\v3.37\src\traditional\proc\p18F4550.asm
               ADCON1bits   0x000fc1       data     extern C:\Program Files\Microchip\mplabc18\v3.37\src\traditional\proc\p18F4550.asm
                   ADCON1   0x000fc1       data     extern C:\Program Files\Microchip\mplabc18\v3.37\src\traditional\proc\p18F4550.asm
               ADCON0bits   0x000fc2       data     extern C:\Program Files\Microchip\mplabc18\v3.37\src\traditional\proc\p18F4550.asm
                   ADCON0   0x000fc2       data     extern C:\Program Files\Microchip\mplabc18\v3.37\src\traditional\proc\p18F4550.asm
                    ADRES   0x000fc3       data     extern C:\Program Files\Microchip\mplabc18\v3.37\src\traditional\proc\p18F4550.asm
                   ADRESL   0x000fc3       data     extern C:\Program Files\Microchip\mplabc18\v3.37\src\traditional\proc\p18F4550.asm
                   ADRESH   0x000fc4       data     extern C:\Program Files\Microchip\mplabc18\v3.37\src\traditional\proc\p18F4550.asm
                  SSPCON2   0x000fc5       data     extern C:\Program Files\Microchip\mplabc18\v3.37\src\traditional\proc\p18F4550.asm
              SSPCON2bits   0x000fc5       data     extern C:\Program Files\Microchip\mplabc18\v3.37\src\traditional\proc\p18F4550.asm
                  SSPCON1   0x000fc6       data     extern C:\Program Files\Microchip\mplabc18\v3.37\src\traditional\proc\p18F4550.asm
              SSPCON1bits   0x000fc6       data     extern C:\Program Files\Microchip\mplabc18\v3.37\src\traditional\proc\p18F4550.asm
                  SSPSTAT   0x000fc7       data     extern C:\Program Files\Microchip\mplabc18\v3.37\src\traditional\proc\p18F4550.asm
              SSPSTATbits   0x000fc7       data     extern C:\Program Files\Microchip\mplabc18\v3.37\src\traditional\proc\p18F4550.asm
                   SSPADD   0x000fc8       data     extern C:\Program Files\Microchip\mplabc18\v3.37\src\traditional\proc\p18F4550.asm
                   SSPBUF   0x000fc9       data     extern C:\Program Files\Microchip\mplabc18\v3.37\src\traditional\proc\p18F4550.asm
                    T2CON   0x000fca       data     extern C:\Program Files\Microchip\mplabc18\v3.37\src\traditional\proc\p18F4550.asm
                T2CONbits   0x000fca       data     extern C:\Program Files\Microchip\mplabc18\v3.37\src\traditional\proc\p18F4550.asm
                      PR2   0x000fcb       data     extern C:\Program Files\Microchip\mplabc18\v3.37\src\traditional\proc\p18F4550.asm
                     TMR2   0x000fcc       data     extern C:\Program Files\Microchip\mplabc18\v3.37\src\traditional\proc\p18F4550.asm
                    T1CON   0x000fcd       data     extern C:\Program Files\Microchip\mplabc18\v3.37\src\traditional\proc\p18F4550.asm
                T1CONbits   0x000fcd       data     extern C:\Program Files\Microchip\mplabc18\v3.37\src\traditional\proc\p18F4550.asm
                    TMR1L   0x000fce       data     extern C:\Program Files\Microchip\mplabc18\v3.37\src\traditional\proc\p18F4550.asm
                    TMR1H   0x000fcf       data     extern C:\Program Files\Microchip\mplabc18\v3.37\src\traditional\proc\p18F4550.asm
                 RCONbits   0x000fd0       data     extern C:\Program Files\Microchip\mplabc18\v3.37\src\traditional\proc\p18F4550.asm
                     RCON   0x000fd0       data     extern C:\Program Files\Microchip\mplabc18\v3.37\src\traditional\proc\p18F4550.asm
               WDTCONbits   0x000fd1       data     extern C:\Program Files\Microchip\mplabc18\v3.37\src\traditional\proc\p18F4550.asm
                   WDTCON   0x000fd1       data     extern C:\Program Files\Microchip\mplabc18\v3.37\src\traditional\proc\p18F4550.asm
                  HLVDCON   0x000fd2       data     extern C:\Program Files\Microchip\mplabc18\v3.37\src\traditional\proc\p18F4550.asm
              HLVDCONbits   0x000fd2       data     extern C:\Program Files\Microchip\mplabc18\v3.37\src\traditional\proc\p18F4550.asm
               LVDCONbits   0x000fd2       data     extern C:\Program Files\Microchip\mplabc18\v3.37\src\traditional\proc\p18F4550.asm
                   LVDCON   0x000fd2       data     extern C:\Program Files\Microchip\mplabc18\v3.37\src\traditional\proc\p18F4550.asm
                   OSCCON   0x000fd3       data     extern C:\Program Files\Microchip\mplabc18\v3.37\src\traditional\proc\p18F4550.asm
               OSCCONbits   0x000fd3       data     extern C:\Program Files\Microchip\mplabc18\v3.37\src\traditional\proc\p18F4550.asm
                T0CONbits   0x000fd5       data     extern C:\Program Files\Microchip\mplabc18\v3.37\src\traditional\proc\p18F4550.asm
                    T0CON   0x000fd5       data     extern C:\Program Files\Microchip\mplabc18\v3.37\src\traditional\proc\p18F4550.asm
                    TMR0L   0x000fd6       data     extern C:\Program Files\Microchip\mplabc18\v3.37\src\traditional\proc\p18F4550.asm
                    TMR0H   0x000fd7       data     extern C:\Program Files\Microchip\mplabc18\v3.37\src\traditional\proc\p18F4550.asm
               STATUSbits   0x000fd8       data     extern C:\Program Files\Microchip\mplabc18\v3.37\src\traditional\proc\p18F4550.asm
                   STATUS   0x000fd8       data     extern C:\Program Files\Microchip\mplabc18\v3.37\src\traditional\proc\p18F4550.asm
                    FSR2L   0x000fd9       data     extern C:\Program Files\Microchip\mplabc18\v3.37\src\traditional\proc\p18F4550.asm
                     FSR2   0x000fd9       data     extern C:\Program Files\Microchip\mplabc18\v3.37\src\traditional\proc\p18F4550.asm
                    FSR2H   0x000fda       data     extern C:\Program Files\Microchip\mplabc18\v3.37\src\traditional\proc\p18F4550.asm
                   PLUSW2   0x000fdb       data     extern C:\Program Files\Microchip\mplabc18\v3.37\src\traditional\proc\p18F4550.asm
                  PREINC2   0x000fdc       data     extern C:\Program Files\Microchip\mplabc18\v3.37\src\traditional\proc\p18F4550.asm
                 POSTDEC2   0x000fdd       data     extern C:\Program Files\Microchip\mplabc18\v3.37\src\traditional\proc\p18F4550.asm
                 POSTINC2   0x000fde       data     extern C:\Program Files\Microchip\mplabc18\v3.37\src\traditional\proc\p18F4550.asm
                    INDF2   0x000fdf       data     extern C:\Program Files\Microchip\mplabc18\v3.37\src\traditional\proc\p18F4550.asm
                      BSR   0x000fe0       data     extern C:\Program Files\Microchip\mplabc18\v3.37\src\traditional\proc\p18F4550.asm
                     FSR1   0x000fe1       data     extern C:\Program Files\Microchip\mplabc18\v3.37\src\traditional\proc\p18F4550.asm
                    FSR1L   0x000fe1       data     extern C:\Program Files\Microchip\mplabc18\v3.37\src\traditional\proc\p18F4550.asm
                    FSR1H   0x000fe2       data     extern C:\Program Files\Microchip\mplabc18\v3.37\src\traditional\proc\p18F4550.asm
                   PLUSW1   0x000fe3       data     extern C:\Program Files\Microchip\mplabc18\v3.37\src\traditional\proc\p18F4550.asm
                  PREINC1   0x000fe4       data     extern C:\Program Files\Microchip\mplabc18\v3.37\src\traditional\proc\p18F4550.asm
                 POSTDEC1   0x000fe5       data     extern C:\Program Files\Microchip\mplabc18\v3.37\src\traditional\proc\p18F4550.asm
                 POSTINC1   0x000fe6       data     extern C:\Program Files\Microchip\mplabc18\v3.37\src\traditional\proc\p18F4550.asm
                    INDF1   0x000fe7       data     extern C:\Program Files\Microchip\mplabc18\v3.37\src\traditional\proc\p18F4550.asm
                     WREG   0x000fe8       data     extern C:\Program Files\Microchip\mplabc18\v3.37\src\traditional\proc\p18F4550.asm
                     FSR0   0x000fe9       data     extern C:\Program Files\Microchip\mplabc18\v3.37\src\traditional\proc\p18F4550.asm
                    FSR0L   0x000fe9       data     extern C:\Program Files\Microchip\mplabc18\v3.37\src\traditional\proc\p18F4550.asm
                    FSR0H   0x000fea       data     extern C:\Program Files\Microchip\mplabc18\v3.37\src\traditional\proc\p18F4550.asm
                   PLUSW0   0x000feb       data     extern C:\Program Files\Microchip\mplabc18\v3.37\src\traditional\proc\p18F4550.asm
                  PREINC0   0x000fec       data     extern C:\Program Files\Microchip\mplabc18\v3.37\src\traditional\proc\p18F4550.asm
                 POSTDEC0   0x000fed       data     extern C:\Program Files\Microchip\mplabc18\v3.37\src\traditional\proc\p18F4550.asm
                 POSTINC0   0x000fee       data     extern C:\Program Files\Microchip\mplabc18\v3.37\src\traditional\proc\p18F4550.asm
                    INDF0   0x000fef       data     extern C:\Program Files\Microchip\mplabc18\v3.37\src\traditional\proc\p18F4550.asm
              INTCON3bits   0x000ff0       data     extern C:\Program Files\Microchip\mplabc18\v3.37\src\traditional\proc\p18F4550.asm
                  INTCON3   0x000ff0       data     extern C:\Program Files\Microchip\mplabc18\v3.37\src\traditional\proc\p18F4550.asm
              INTCON2bits   0x000ff1       data     extern C:\Program Files\Microchip\mplabc18\v3.37\src\traditional\proc\p18F4550.asm
                  INTCON2   0x000ff1       data     extern C:\Program Files\Microchip\mplabc18\v3.37\src\traditional\proc\p18F4550.asm
               INTCONbits   0x000ff2       data     extern C:\Program Files\Microchip\mplabc18\v3.37\src\traditional\proc\p18F4550.asm
                   INTCON   0x000ff2       data     extern C:\Program Files\Microchip\mplabc18\v3.37\src\traditional\proc\p18F4550.asm
                     PROD   0x000ff3       data     extern C:\Program Files\Microchip\mplabc18\v3.37\src\traditional\proc\p18F4550.asm
                    PRODL   0x000ff3       data     extern C:\Program Files\Microchip\mplabc18\v3.37\src\traditional\proc\p18F4550.asm
                    PRODH   0x000ff4       data     extern C:\Program Files\Microchip\mplabc18\v3.37\src\traditional\proc\p18F4550.asm
                   TABLAT   0x000ff5       data     extern C:\Program Files\Microchip\mplabc18\v3.37\src\traditional\proc\p18F4550.asm
                  TBLPTRL   0x000ff6       data     extern C:\Program Files\Microchip\mplabc18\v3.37\src\traditional\proc\p18F4550.asm
                   TBLPTR   0x000ff6       data     extern C:\Program Files\Microchip\mplabc18\v3.37\src\traditional\proc\p18F4550.asm
                  TBLPTRH   0x000ff7       data     extern C:\Program Files\Microchip\mplabc18\v3.37\src\traditional\proc\p18F4550.asm
                  TBLPTRU   0x000ff8       data     extern C:\Program Files\Microchip\mplabc18\v3.37\src\traditional\proc\p18F4550.asm
                       PC   0x000ff9       data     extern C:\Program Files\Microchip\mplabc18\v3.37\src\traditional\proc\p18F4550.asm
                      PCL   0x000ff9       data     extern C:\Program Files\Microchip\mplabc18\v3.37\src\traditional\proc\p18F4550.asm
                   PCLATH   0x000ffa       data     extern C:\Program Files\Microchip\mplabc18\v3.37\src\traditional\proc\p18F4550.asm
                   PCLATU   0x000ffb       data     extern C:\Program Files\Microchip\mplabc18\v3.37\src\traditional\proc\p18F4550.asm
               STKPTRbits   0x000ffc       data     extern C:\Program Files\Microchip\mplabc18\v3.37\src\traditional\proc\p18F4550.asm
                   STKPTR   0x000ffc       data     extern C:\Program Files\Microchip\mplabc18\v3.37\src\traditional\proc\p18F4550.asm
                     TOSL   0x000ffd       data     extern C:\Program Files\Microchip\mplabc18\v3.37\src\traditional\proc\p18F4550.asm
                      TOS   0x000ffd       data     extern C:\Program Files\Microchip\mplabc18\v3.37\src\traditional\proc\p18F4550.asm
                     TOSH   0x000ffe       data     extern C:\Program Files\Microchip\mplabc18\v3.37\src\traditional\proc\p18F4550.asm
                     TOSU   0x000fff       data     extern C:\Program Files\Microchip\mplabc18\v3.37\src\traditional\proc\p18F4550.asm


